Archive member included to satisfy reference by file (symbol)

/Users/Nico/.p2/pool/plugins/fr.ac6.mcu.externaltools.arm-none.macos64_1.13.1.201703061524/tools/compiler/bin/../lib/gcc/arm-none-eabi/5.4.1/../../../../arm-none-eabi/lib/armv7e-m/fpu/libc_nano.a(lib_a-atoi.o)
                              Application/src/Device/se3_communication_core.o (atoi)
/Users/Nico/.p2/pool/plugins/fr.ac6.mcu.externaltools.arm-none.macos64_1.13.1.201703061524/tools/compiler/bin/../lib/gcc/arm-none-eabi/5.4.1/../../../../arm-none-eabi/lib/armv7e-m/fpu/libc_nano.a(lib_a-calloc.o)
                              Application/src/Common/se3_common.o (calloc)
/Users/Nico/.p2/pool/plugins/fr.ac6.mcu.externaltools.arm-none.macos64_1.13.1.201703061524/tools/compiler/bin/../lib/gcc/arm-none-eabi/5.4.1/../../../../arm-none-eabi/lib/armv7e-m/fpu/libc_nano.a(lib_a-exit.o)
                              /Users/Nico/.p2/pool/plugins/fr.ac6.mcu.externaltools.arm-none.macos64_1.13.1.201703061524/tools/compiler/bin/../lib/gcc/arm-none-eabi/5.4.1/../../../../arm-none-eabi/lib/armv7e-m/fpu/crt0.o (exit)
/Users/Nico/.p2/pool/plugins/fr.ac6.mcu.externaltools.arm-none.macos64_1.13.1.201703061524/tools/compiler/bin/../lib/gcc/arm-none-eabi/5.4.1/../../../../arm-none-eabi/lib/armv7e-m/fpu/libc_nano.a(lib_a-impure.o)
                              /Users/Nico/.p2/pool/plugins/fr.ac6.mcu.externaltools.arm-none.macos64_1.13.1.201703061524/tools/compiler/bin/../lib/gcc/arm-none-eabi/5.4.1/../../../../arm-none-eabi/lib/armv7e-m/fpu/libc_nano.a(lib_a-exit.o) (_global_impure_ptr)
/Users/Nico/.p2/pool/plugins/fr.ac6.mcu.externaltools.arm-none.macos64_1.13.1.201703061524/tools/compiler/bin/../lib/gcc/arm-none-eabi/5.4.1/../../../../arm-none-eabi/lib/armv7e-m/fpu/libc_nano.a(lib_a-init.o)
                              /Users/Nico/.p2/pool/plugins/fr.ac6.mcu.externaltools.arm-none.macos64_1.13.1.201703061524/tools/compiler/bin/../lib/gcc/arm-none-eabi/5.4.1/../../../../arm-none-eabi/lib/armv7e-m/fpu/crt0.o (__libc_init_array)
/Users/Nico/.p2/pool/plugins/fr.ac6.mcu.externaltools.arm-none.macos64_1.13.1.201703061524/tools/compiler/bin/../lib/gcc/arm-none-eabi/5.4.1/../../../../arm-none-eabi/lib/armv7e-m/fpu/libc_nano.a(lib_a-malloc.o)
                              Middlewares/USB_Device_Library/usbd_msc.o (malloc)
/Users/Nico/.p2/pool/plugins/fr.ac6.mcu.externaltools.arm-none.macos64_1.13.1.201703061524/tools/compiler/bin/../lib/gcc/arm-none-eabi/5.4.1/../../../../arm-none-eabi/lib/armv7e-m/fpu/libc_nano.a(lib_a-memcmp.o)
                              Application/src/Device/se3_algo_aes256hmacsha256.o (memcmp)
/Users/Nico/.p2/pool/plugins/fr.ac6.mcu.externaltools.arm-none.macos64_1.13.1.201703061524/tools/compiler/bin/../lib/gcc/arm-none-eabi/5.4.1/../../../../arm-none-eabi/lib/armv7e-m/fpu/libc_nano.a(lib_a-memcpy-stub.o)
                              Application/src/Common/aes256.o (memcpy)
/Users/Nico/.p2/pool/plugins/fr.ac6.mcu.externaltools.arm-none.macos64_1.13.1.201703061524/tools/compiler/bin/../lib/gcc/arm-none-eabi/5.4.1/../../../../arm-none-eabi/lib/armv7e-m/fpu/libc_nano.a(lib_a-memmove.o)
                              Application/src/Device/se3_memory.o (memmove)
/Users/Nico/.p2/pool/plugins/fr.ac6.mcu.externaltools.arm-none.macos64_1.13.1.201703061524/tools/compiler/bin/../lib/gcc/arm-none-eabi/5.4.1/../../../../arm-none-eabi/lib/armv7e-m/fpu/libc_nano.a(lib_a-memset.o)
                              /Users/Nico/.p2/pool/plugins/fr.ac6.mcu.externaltools.arm-none.macos64_1.13.1.201703061524/tools/compiler/bin/../lib/gcc/arm-none-eabi/5.4.1/../../../../arm-none-eabi/lib/armv7e-m/fpu/crt0.o (memset)
/Users/Nico/.p2/pool/plugins/fr.ac6.mcu.externaltools.arm-none.macos64_1.13.1.201703061524/tools/compiler/bin/../lib/gcc/arm-none-eabi/5.4.1/../../../../arm-none-eabi/lib/armv7e-m/fpu/libc_nano.a(lib_a-nano-callocr.o)
                              /Users/Nico/.p2/pool/plugins/fr.ac6.mcu.externaltools.arm-none.macos64_1.13.1.201703061524/tools/compiler/bin/../lib/gcc/arm-none-eabi/5.4.1/../../../../arm-none-eabi/lib/armv7e-m/fpu/libc_nano.a(lib_a-calloc.o) (_calloc_r)
/Users/Nico/.p2/pool/plugins/fr.ac6.mcu.externaltools.arm-none.macos64_1.13.1.201703061524/tools/compiler/bin/../lib/gcc/arm-none-eabi/5.4.1/../../../../arm-none-eabi/lib/armv7e-m/fpu/libc_nano.a(lib_a-nano-freer.o)
                              /Users/Nico/.p2/pool/plugins/fr.ac6.mcu.externaltools.arm-none.macos64_1.13.1.201703061524/tools/compiler/bin/../lib/gcc/arm-none-eabi/5.4.1/../../../../arm-none-eabi/lib/armv7e-m/fpu/libc_nano.a(lib_a-malloc.o) (_free_r)
/Users/Nico/.p2/pool/plugins/fr.ac6.mcu.externaltools.arm-none.macos64_1.13.1.201703061524/tools/compiler/bin/../lib/gcc/arm-none-eabi/5.4.1/../../../../arm-none-eabi/lib/armv7e-m/fpu/libc_nano.a(lib_a-nano-mallocr.o)
[...]
Memory Configuration

Name             Origin             Length             Attributes
FLASH            0x0000000008000000 0x0000000000200000 xr
RAM              0x0000000020000000 0x0000000000030000 xrw
CCMRAM           0x0000000010000000 0x0000000000010000 rw
*default*        0x0000000000000000 0xffffffffffffffff

Linker script and memory map

LOAD /Users/Nico/.p2/pool/plugins/fr.ac6.mcu.externaltools.arm-none.macos64_1.13.1.201703061524/tools/compiler/bin/../lib/gcc/arm-none-eabi/5.4.1/armv7e-m/fpu/crti.o
LOAD /Users/Nico/.p2/pool/plugins/fr.ac6.mcu.externaltools.arm-none.macos64_1.13.1.201703061524/tools/compiler/bin/../lib/gcc/arm-none-eabi/5.4.1/armv7e-m/fpu/crtbegin.o
LOAD /Users/Nico/.p2/pool/plugins/fr.ac6.mcu.externaltools.arm-none.macos64_1.13.1.201703061524/tools/compiler/bin/../lib/gcc/arm-none-eabi/5.4.1/../../../../arm-none-eabi/lib/armv7e-m/fpu/crt0.o
LOAD /Users/Nico/.p2/pool/plugins/fr.ac6.mcu.externaltools.arm-none.macos64_1.13.1.201703061524/tools/compiler/bin/../lib/gcc/arm-none-eabi/5.4.1/../../../../arm-none-eabi/lib/armv7e-m/fpu/libm.a
LOAD Application/SW4STM32/startup_stm32f429xx.o
LOAD Application/src/Common/aes256.o
LOAD Application/src/Common/crc16.o
LOAD Application/src/Common/pbkdf2.o
LOAD Application/src/Common/se3_common.o
LOAD Application/src/Common/sha256.o
LOAD Application/src/Device/se3_FPGA.o
LOAD Application/src/Device/se3_algo_Aes.o
LOAD Application/src/Device/se3_algo_AesHmacSha256s.o
LOAD Application/src/Device/se3_algo_HmacSha256.o
LOAD Application/src/Device/se3_algo_aes256hmacsha256.o
LOAD Application/src/Device/se3_algo_sha256.o
LOAD Application/src/Device/se3_communication_core.o
LOAD Application/src/Device/se3_core.o
LOAD Application/src/Device/se3_core_time.o
LOAD Application/src/Device/se3_dispatcher_core.o
LOAD Application/src/Device/se3_flash.o
LOAD Application/src/Device/se3_keys.o
LOAD Application/src/Device/se3_memory.o
LOAD Application/src/Device/se3_security_core.o
LOAD Application/src/Device/se3_sekey.o
LOAD Application/src/Device/se3_smartcard.o
LOAD Application/src/adc.o
LOAD Application/src/crc.o
LOAD Application/src/dma.o
LOAD Application/src/fmc.o
LOAD Application/src/gpio.o
LOAD Application/src/i2c.o
LOAD Application/src/main.o
LOAD Application/src/rng.o
LOAD Application/src/sdio.o
LOAD Application/src/se3_rand.o
LOAD Application/src/se3_sdio.o
LOAD Application/src/spi.o
LOAD Application/src/stm32f4xx_hal_msp.o
LOAD Application/src/stm32f4xx_it.o
LOAD Application/src/tim.o
LOAD Application/src/usart.o
LOAD Application/src/usb_device.o
LOAD Application/src/usbd_conf.o
LOAD Application/src/usbd_desc.o
LOAD Application/src/usbd_storage_if.o
LOAD Drivers/CMSIS/system_stm32f4xx.o
LOAD Drivers/STM32F4xx_HAL_Driver/stm32f4xx_hal.o
LOAD Drivers/STM32F4xx_HAL_Driver/stm32f4xx_hal_adc.o
LOAD Drivers/STM32F4xx_HAL_Driver/stm32f4xx_hal_adc_ex.o
LOAD Drivers/STM32F4xx_HAL_Driver/stm32f4xx_hal_cortex.o
LOAD Drivers/STM32F4xx_HAL_Driver/stm32f4xx_hal_crc.o
LOAD Drivers/STM32F4xx_HAL_Driver/stm32f4xx_hal_dma.o
LOAD Drivers/STM32F4xx_HAL_Driver/stm32f4xx_hal_dma_ex.o
LOAD Drivers/STM32F4xx_HAL_Driver/stm32f4xx_hal_flash.o
LOAD Drivers/STM32F4xx_HAL_Driver/stm32f4xx_hal_flash_ex.o
LOAD Drivers/STM32F4xx_HAL_Driver/stm32f4xx_hal_flash_ramfunc.o
LOAD Drivers/STM32F4xx_HAL_Driver/stm32f4xx_hal_gpio.o
LOAD Drivers/STM32F4xx_HAL_Driver/stm32f4xx_hal_i2c.o
LOAD Drivers/STM32F4xx_HAL_Driver/stm32f4xx_hal_i2c_ex.o
LOAD Drivers/STM32F4xx_HAL_Driver/stm32f4xx_hal_nor.o
LOAD Drivers/STM32F4xx_HAL_Driver/stm32f4xx_hal_pcd.o
LOAD Drivers/STM32F4xx_HAL_Driver/stm32f4xx_hal_pcd_ex.o
LOAD Drivers/STM32F4xx_HAL_Driver/stm32f4xx_hal_pwr.o
LOAD Drivers/STM32F4xx_HAL_Driver/stm32f4xx_hal_pwr_ex.o
LOAD Drivers/STM32F4xx_HAL_Driver/stm32f4xx_hal_rcc.o
LOAD Drivers/STM32F4xx_HAL_Driver/stm32f4xx_hal_rcc_ex.o
LOAD Drivers/STM32F4xx_HAL_Driver/stm32f4xx_hal_rng.o
LOAD Drivers/STM32F4xx_HAL_Driver/stm32f4xx_hal_rtc.o
LOAD Drivers/STM32F4xx_HAL_Driver/stm32f4xx_hal_rtc_ex.o
LOAD Drivers/STM32F4xx_HAL_Driver/stm32f4xx_hal_sd.o
LOAD Drivers/STM32F4xx_HAL_Driver/stm32f4xx_hal_smartcard.o
LOAD Drivers/STM32F4xx_HAL_Driver/stm32f4xx_hal_spi.o
LOAD Drivers/STM32F4xx_HAL_Driver/stm32f4xx_hal_tim.o
LOAD Drivers/STM32F4xx_HAL_Driver/stm32f4xx_hal_tim_ex.o
LOAD Drivers/STM32F4xx_HAL_Driver/stm32f4xx_hal_uart.o
LOAD Drivers/STM32F4xx_HAL_Driver/stm32f4xx_ll_fmc.o
LOAD Drivers/STM32F4xx_HAL_Driver/stm32f4xx_ll_sdmmc.o
LOAD Drivers/STM32F4xx_HAL_Driver/stm32f4xx_ll_usb.o
LOAD Middlewares/USB_Device_Library/usbd_core.o
LOAD Middlewares/USB_Device_Library/usbd_ctlreq.o
LOAD Middlewares/USB_Device_Library/usbd_ioreq.o
LOAD Middlewares/USB_Device_Library/usbd_msc.o
LOAD Middlewares/USB_Device_Library/usbd_msc_bot.o
LOAD Middlewares/USB_Device_Library/usbd_msc_data.o
LOAD Middlewares/USB_Device_Library/usbd_msc_scsi.o
START GROUP
LOAD /Users/Nico/.p2/pool/plugins/fr.ac6.mcu.externaltools.arm-none.macos64_1.13.1.201703061524/tools/compiler/bin/../lib/gcc/arm-none-eabi/5.4.1/armv7e-m/fpu/libgcc.a
LOAD /Users/Nico/.p2/pool/plugins/fr.ac6.mcu.externaltools.arm-none.macos64_1.13.1.201703061524/tools/compiler/bin/../lib/gcc/arm-none-eabi/5.4.1/../../../../arm-none-eabi/lib/armv7e-m/fpu/libc_nano.a
END GROUP
START GROUP
LOAD /Users/Nico/.p2/pool/plugins/fr.ac6.mcu.externaltools.arm-none.macos64_1.13.1.201703061524/tools/compiler/bin/../lib/gcc/arm-none-eabi/5.4.1/armv7e-m/fpu/libgcc.a
LOAD /Users/Nico/.p2/pool/plugins/fr.ac6.mcu.externaltools.arm-none.macos64_1.13.1.201703061524/tools/compiler/bin/../lib/gcc/arm-none-eabi/5.4.1/../../../../arm-none-eabi/lib/armv7e-m/fpu/libc_nano.a
LOAD /Users/Nico/.p2/pool/plugins/fr.ac6.mcu.externaltools.arm-none.macos64_1.13.1.201703061524/tools/compiler/bin/../lib/gcc/arm-none-eabi/5.4.1/../../../../arm-none-eabi/lib/armv7e-m/fpu/libnosys.a
END GROUP
START GROUP
LOAD /Users/Nico/.p2/pool/plugins/fr.ac6.mcu.externaltools.arm-none.macos64_1.13.1.201703061524/tools/compiler/bin/../lib/gcc/arm-none-eabi/5.4.1/armv7e-m/fpu/libgcc.a
LOAD /Users/Nico/.p2/pool/plugins/fr.ac6.mcu.externaltools.arm-none.macos64_1.13.1.201703061524/tools/compiler/bin/../lib/gcc/arm-none-eabi/5.4.1/../../../../arm-none-eabi/lib/armv7e-m/fpu/libc_nano.a
LOAD /Users/Nico/.p2/pool/plugins/fr.ac6.mcu.externaltools.arm-none.macos64_1.13.1.201703061524/tools/compiler/bin/../lib/gcc/arm-none-eabi/5.4.1/../../../../arm-none-eabi/lib/armv7e-m/fpu/libnosys.a
END GROUP
LOAD /Users/Nico/.p2/pool/plugins/fr.ac6.mcu.externaltools.arm-none.macos64_1.13.1.201703061524/tools/compiler/bin/../lib/gcc/arm-none-eabi/5.4.1/armv7e-m/fpu/crtend.o
LOAD /Users/Nico/.p2/pool/plugins/fr.ac6.mcu.externaltools.arm-none.macos64_1.13.1.201703061524/tools/compiler/bin/../lib/gcc/arm-none-eabi/5.4.1/armv7e-m/fpu/crtn.o
                0x0000000020030000                _estack = 0x20030000
                0x0000000000000400                _Min_Heap_Size = 0x400
                0x0000000000000200                _Min_Stack_Size = 0x200

.isr_vector     0x0000000008000000      0x1ac
                0x0000000008000000                . = ALIGN (0x4)
 *(.isr_vector)
 .isr_vector    0x0000000008000000      0x1ac Application/SW4STM32/startup_stm32f429xx.o
                0x0000000008000000                g_pfnVectors
                0x00000000080001ac                . = ALIGN (0x4)

.text           0x00000000080001b0     0xf8dc
                0x00000000080001b0                . = ALIGN (0x4)
 *(.text)
 .text          0x00000000080001b0       0x5c /Users/Nico/.p2/pool/plugins/fr.ac6.mcu.externaltools.arm-none.macos64_1.13.1.201703061524/tools/compiler/bin/../lib/gcc/arm-none-eabi/5.4.1/armv7e-m/fpu/crtbegin.o
 .text          0x000000000800020c       0x10 /Users/Nico/.p2/pool/plugins/fr.ac6.mcu.externaltools.arm-none.macos64_1.13.1.201703061524/tools/compiler/bin/../lib/gcc/arm-none-eabi/5.4.1/../../../../arm-none-eabi/lib/armv7e-m/fpu/libc_nano.a(lib_a-strlen.o)
                0x000000000800020c                strlen
 *fill*         0x000000000800021c        0x4 
 .text          0x0000000008000220       0xa0 /Users/Nico/.p2/pool/plugins/fr.ac6.mcu.externaltools.arm-none.macos64_1.13.1.201703061524/tools/compiler/bin/../lib/gcc/arm-none-eabi/5.4.1/../../../../arm-none-eabi/lib/armv7e-m/fpu/libc_nano.a(lib_a-memchr.o)
                0x0000000008000220                memchr
 *(.text*)
 .text.Reset_Handler
                0x00000000080002c0       0x50 Application/SW4STM32/startup_stm32f429xx.o
                0x00000000080002c0                Reset_Handler
 .text.Default_Handler
                0x0000000008000310        0x2 Application/SW4STM32/startup_stm32f429xx.o
                0x0000000008000310                DMA1_Stream3_IRQHandler
                0x0000000008000310                HASH_RNG_IRQHandler
                0x0000000008000310                EXTI2_IRQHandler
                0x0000000008000310                TIM8_CC_IRQHandler
                0x0000000008000310                DebugMon_Handler
                0x0000000008000310                UART8_IRQHandler
                0x0000000008000310                SPI4_IRQHandler
                0x0000000008000310                TIM1_CC_IRQHandler
                0x0000000008000310                DMA2_Stream5_IRQHandler
                0x0000000008000310                HardFault_Handler
                0x0000000008000310                DMA1_Stream5_IRQHandler
                0x0000000008000310                PVD_IRQHandler
                0x0000000008000310                TAMP_STAMP_IRQHandler
                0x0000000008000310                PendSV_Handler
                0x0000000008000310                NMI_Handler
                0x0000000008000310                CAN2_RX1_IRQHandler
                0x0000000008000310                EXTI3_IRQHandler
                0x0000000008000310                TIM8_TRG_COM_TIM14_IRQHandler
                0x0000000008000310                TIM1_UP_TIM10_IRQHandler
                0x0000000008000310                TIM8_UP_TIM13_IRQHandler
                0x0000000008000310                I2C3_ER_IRQHandler
                0x0000000008000310                EXTI0_IRQHandler
                0x0000000008000310                I2C2_EV_IRQHandler
                0x0000000008000310                DMA1_Stream2_IRQHandler
                0x0000000008000310                CAN1_RX0_IRQHandler
                0x0000000008000310                FPU_IRQHandler
                0x0000000008000310                OTG_HS_WKUP_IRQHandler
                0x0000000008000310                UsageFault_Handler
                0x0000000008000310                LTDC_ER_IRQHandler
                0x0000000008000310                CAN2_SCE_IRQHandler
                0x0000000008000310                DMA2_Stream2_IRQHandler
                0x0000000008000310                SPI1_IRQHandler
                0x0000000008000310                TIM6_DAC_IRQHandler
                0x0000000008000310                TIM1_BRK_TIM9_IRQHandler
                0x0000000008000310                DCMI_IRQHandler
                0x0000000008000310                CAN2_RX0_IRQHandler
                0x0000000008000310                USART6_IRQHandler
                0x0000000008000310                USART3_IRQHandler
                0x0000000008000310                CAN1_RX1_IRQHandler
                0x0000000008000310                UART5_IRQHandler
                0x0000000008000310                DMA2_Stream0_IRQHandler
                0x0000000008000310                TIM4_IRQHandler
                0x0000000008000310                I2C1_EV_IRQHandler
                0x0000000008000310                DMA1_Stream6_IRQHandler
                0x0000000008000310                DMA1_Stream1_IRQHandler
                0x0000000008000310                UART4_IRQHandler
                0x0000000008000310                TIM3_IRQHandler
                0x0000000008000310                RCC_IRQHandler
                0x0000000008000310                TIM8_BRK_TIM12_IRQHandler
                0x0000000008000310                Default_Handler
                0x0000000008000310                EXTI15_10_IRQHandler
                0x0000000008000310                ADC_IRQHandler
                0x0000000008000310                DMA1_Stream7_IRQHandler
                0x0000000008000310                SPI5_IRQHandler
                0x0000000008000310                TIM7_IRQHandler
                0x0000000008000310                CAN2_TX_IRQHandler
                0x0000000008000310                TIM5_IRQHandler
                0x0000000008000310                DMA2_Stream7_IRQHandler
                0x0000000008000310                I2C3_EV_IRQHandler
                0x0000000008000310                EXTI9_5_IRQHandler
                0x0000000008000310                RTC_WKUP_IRQHandler
                0x0000000008000310                LTDC_IRQHandler
                0x0000000008000310                ETH_WKUP_IRQHandler
                0x0000000008000310                SPI2_IRQHandler
                0x0000000008000310                OTG_HS_EP1_IN_IRQHandler
                0x0000000008000310                MemManage_Handler
                0x0000000008000310                DMA1_Stream0_IRQHandler
                0x0000000008000310                CAN1_TX_IRQHandler
                0x0000000008000310                SVC_Handler
                0x0000000008000310                EXTI4_IRQHandler
                0x0000000008000310                ETH_IRQHandler
                0x0000000008000310                OTG_HS_EP1_OUT_IRQHandler
                0x0000000008000310                WWDG_IRQHandler
                0x0000000008000310                SPI6_IRQHandler
                0x0000000008000310                TIM2_IRQHandler
                0x0000000008000310                OTG_FS_WKUP_IRQHandler
                0x0000000008000310                TIM1_TRG_COM_TIM11_IRQHandler
                0x0000000008000310                DMA2D_IRQHandler
                0x0000000008000310                EXTI1_IRQHandler
                0x0000000008000310                UART7_IRQHandler
                0x0000000008000310                USART2_IRQHandler
                0x0000000008000310                I2C2_ER_IRQHandler
                0x0000000008000310                DMA2_Stream1_IRQHandler
                0x0000000008000310                CAN1_SCE_IRQHandler
                0x0000000008000310                FLASH_IRQHandler
                0x0000000008000310                DMA2_Stream4_IRQHandler
                0x0000000008000310                BusFault_Handler
                0x0000000008000310                USART1_IRQHandler
                0x0000000008000310                OTG_FS_IRQHandler
                0x0000000008000310                SPI3_IRQHandler
                0x0000000008000310                DMA1_Stream4_IRQHandler
                0x0000000008000310                I2C1_ER_IRQHandler
                0x0000000008000310                FMC_IRQHandler
                0x0000000008000310                SAI1_IRQHandler
                0x0000000008000310                RTC_Alarm_IRQHandler
 *fill*         0x0000000008000312        0x2 
 .text.B5_rijndaelEncrypt
                0x0000000008000314      0xe30 Application/src/Common/aes256.o
 .text.B5_rijndaelKeySetupEnc.isra.0
                0x0000000008001144      0x2f4 Application/src/Common/aes256.o
 .text.B5_rijndaelDecrypt
                0x0000000008001438      0xe24 Application/src/Common/aes256.o
                0x0000000008001438                B5_rijndaelDecrypt
 .text.B5_Aes256_Init
                0x000000000800225c      0x298 Application/src/Common/aes256.o
                0x000000000800225c                B5_Aes256_Init
 .text.B5_Aes256_SetIV
                0x00000000080024f4       0x44 Application/src/Common/aes256.o
                0x00000000080024f4                B5_Aes256_SetIV
 .text.B5_Aes256_Update
                0x0000000008002538      0xac4 Application/src/Common/aes256.o
                0x0000000008002538                B5_Aes256_Update
 .text.B5_Aes256_Finit
                0x0000000008002ffc        0x4 Application/src/Common/aes256.o
                0x0000000008002ffc                B5_Aes256_Finit
 .text.PBKDF2HmacSha256
                0x0000000008003000      0x114 Application/src/Common/pbkdf2.o
                0x0000000008003000                PBKDF2HmacSha256
 .text.se3_write_trace
                0x0000000008003114      0x100 Application/src/Common/se3_common.o
                0x0000000008003114                se3_write_trace
 .text.se3_req_len_data
                0x0000000008003214       0x28 Application/src/Common/se3_common.o
                0x0000000008003214                se3_req_len_data
 .text.se3_resp_len_data_and_headers
                0x000000000800323c       0x3c Application/src/Common/se3_common.o
                0x000000000800323c                se3_resp_len_data_and_headers
 .text.B5_Sha256ProcessBlock
                0x0000000008003278     0x2234 Application/src/Common/sha256.o
 .text.B5_Sha256_Init
                0x00000000080054ac       0x64 Application/src/Common/sha256.o
                0x00000000080054ac                B5_Sha256_Init
 .text.B5_Sha256_Update
                0x0000000008005510       0xa8 Application/src/Common/sha256.o
                0x0000000008005510                B5_Sha256_Update
 .text.B5_Sha256_Finit
                0x00000000080055b8      0x1b4 Application/src/Common/sha256.o
                0x00000000080055b8                B5_Sha256_Finit
 .text.B5_HmacSha256_Init
                0x000000000800576c      0x428 Application/src/Common/sha256.o
                0x000000000800576c                B5_HmacSha256_Init
 .text.B5_HmacSha256_Update
                0x0000000008005b94       0xa4 Application/src/Common/sha256.o
                0x0000000008005b94                B5_HmacSha256_Update
 .text.B5_HmacSha256_Finit
                0x0000000008005c38       0xe4 Application/src/Common/sha256.o
                0x0000000008005c38                B5_HmacSha256_Finit
 .text.se3_algo_Aes_init
                0x0000000008005d1c       0xa4 Application/src/Device/se3_algo_Aes.o
                0x0000000008005d1c                se3_algo_Aes_init
 .text.se3_algo_Aes_update
                0x0000000008005dc0       0x94 Application/src/Device/se3_algo_Aes.o
                0x0000000008005dc0                se3_algo_Aes_update
 .text.se3_algo_AesHmacSha256s_init
                0x0000000008005e54       0xdc Application/src/Device/se3_algo_AesHmacSha256s.o
                0x0000000008005e54                se3_algo_AesHmacSha256s_init
 .text.se3_algo_AesHmacSha256s_update
                0x0000000008005f30      0x228 Application/src/Device/se3_algo_AesHmacSha256s.o
                0x0000000008005f30                se3_algo_AesHmacSha256s_update
 .text.se3_algo_HmacSha256_init
                0x0000000008006158       0x24 Application/src/Device/se3_algo_HmacSha256.o
                0x0000000008006158                se3_algo_HmacSha256_init
 .text.se3_algo_HmacSha256_update
                0x000000000800617c       0x40 Application/src/Device/se3_algo_HmacSha256.o
                0x000000000800617c                se3_algo_HmacSha256_update
 .text.se3_algo_aes256hmacsha256_init
                0x00000000080061bc       0xb0 Application/src/Device/se3_algo_aes256hmacsha256.o
                0x00000000080061bc                se3_algo_aes256hmacsha256_init
 .text.se3_algo_aes256hmacsha256_update
                0x000000000800626c      0x10c Application/src/Device/se3_algo_aes256hmacsha256.o
                0x000000000800626c                se3_algo_aes256hmacsha256_update
 .text.se3_algo_Sha256_init
                0x0000000008006378       0x18 Application/src/Device/se3_algo_sha256.o
                0x0000000008006378                se3_algo_Sha256_init
 .text.se3_algo_Sha256_update
                0x0000000008006390       0x40 Application/src/Device/se3_algo_sha256.o
                0x0000000008006390                se3_algo_Sha256_update
 .text.se3_communication_core_init
                0x00000000080063d0       0x74 Application/src/Device/se3_communication_core.o
                0x00000000080063d0                se3_communication_core_init
 .text.se3_proto_recv
                0x0000000008006444      0x480 Application/src/Device/se3_communication_core.o
                0x0000000008006444                se3_proto_recv
 .text.se3_proto_send
                0x00000000080068c4      0x3b8 Application/src/Device/se3_communication_core.o
                0x00000000080068c4                se3_proto_send
 .text.invalid_cmd_handler
                0x0000000008006c7c        0x8 Application/src/Device/se3_core.o
 .text.echo     0x0000000008006c84       0x14 Application/src/Device/se3_core.o
                0x0000000008006c84                echo
 .text.bootmode_reset
                0x0000000008006c98       0x1c Application/src/Device/se3_core.o
                0x0000000008006c98                bootmode_reset
 .text.factory_init
                0x0000000008006cb4       0x70 Application/src/Device/se3_core.o
                0x0000000008006cb4                factory_init
 .text.device_init
                0x0000000008006d24       0x18 Application/src/Device/se3_core.o
                0x0000000008006d24                device_init
 .text.se3_cmd_execute
                0x0000000008006d3c      0x2c0 Application/src/Device/se3_core.o
                0x0000000008006d3c                se3_cmd_execute
 .text.device_loop
                0x0000000008006ffc       0x2c Application/src/Device/se3_core.o
                0x0000000008006ffc                device_loop
 .text.se3_time_init
                0x0000000008007028       0x1c Application/src/Device/se3_core_time.o
                0x0000000008007028                se3_time_init
 .text.se3_time_get
                0x0000000008007044        0xc Application/src/Device/se3_core_time.o
                0x0000000008007044                se3_time_get
 .text.se3_time_set
                0x0000000008007050       0x18 Application/src/Device/se3_core_time.o
                0x0000000008007050                se3_time_set
 .text.se3_time_inc
                0x0000000008007068       0x3c Application/src/Device/se3_core_time.o
                0x0000000008007068                se3_time_inc
 .text.get_now_initialized
                0x00000000080070a4        0xc Application/src/Device/se3_core_time.o
                0x00000000080070a4                get_now_initialized
 .text.error    0x00000000080070b0        0x8 Application/src/Device/se3_dispatcher_core.o
                0x00000000080070b0                error
 .text.key_edit
                0x00000000080070b8      0x10c Application/src/Device/se3_dispatcher_core.o
                0x00000000080070b8                key_edit
 .text.key_list
                0x00000000080071c4      0x120 Application/src/Device/se3_dispatcher_core.o
                0x00000000080071c4                key_list
 .text.config   0x00000000080072e4       0x94 Application/src/Device/se3_dispatcher_core.o
                0x00000000080072e4                config
 .text.challenge
                0x0000000008007378       0xe0 Application/src/Device/se3_dispatcher_core.o
                0x0000000008007378                challenge
 .text.login    0x0000000008007458       0x8c Application/src/Device/se3_dispatcher_core.o
                0x0000000008007458                login
 .text.logout   0x00000000080074e4       0x94 Application/src/Device/se3_dispatcher_core.o
                0x00000000080074e4                logout
 .text.dispatcher_call
                0x0000000008007578      0x228 Application/src/Device/se3_dispatcher_core.o
                0x0000000008007578                dispatcher_call
 .text.se3_dispatcher_init
                0x00000000080077a0       0xc4 Application/src/Device/se3_dispatcher_core.o
                0x00000000080077a0                se3_dispatcher_init
 .text.set_req_hdr
                0x0000000008007864       0x24 Application/src/Device/se3_dispatcher_core.o
                0x0000000008007864                set_req_hdr
 .text.se3_flash_init
                0x0000000008007888      0x234 Application/src/Device/se3_flash.o
                0x0000000008007888                se3_flash_init
 .text.se3_flash_it_write
                0x0000000008007abc       0x54 Application/src/Device/se3_flash.o
                0x0000000008007abc                se3_flash_it_write
 .text.se3_flash_it_init
                0x0000000008007b10        0x8 Application/src/Device/se3_flash.o
                0x0000000008007b10                se3_flash_it_init
 .text.se3_flash_it_next
                0x0000000008007b18       0xb0 Application/src/Device/se3_flash.o
                0x0000000008007b18                se3_flash_it_next
 .text.se3_flash_it_new
                0x0000000008007bc8      0x3c0 Application/src/Device/se3_flash.o
                0x0000000008007bc8                se3_flash_it_new
 .text.se3_flash_it_delete
                0x0000000008007f88       0x60 Application/src/Device/se3_flash.o
                0x0000000008007f88                se3_flash_it_delete
 .text.se3_flash_bootmode_reset
                0x0000000008007fe8       0x44 Application/src/Device/se3_flash.o
                0x0000000008007fe8                se3_flash_bootmode_reset
 .text.se3_key_find
                0x000000000800802c       0x3c Application/src/Device/se3_keys.o
                0x000000000800802c                se3_key_find
 .text.se3_key_new
                0x0000000008008068       0x94 Application/src/Device/se3_keys.o
                0x0000000008008068                se3_key_new
 .text.se3_key_read
                0x00000000080080fc       0x44 Application/src/Device/se3_keys.o
                0x00000000080080fc                se3_key_read
 .text.se3_key_equal
                0x0000000008008140       0x7c Application/src/Device/se3_keys.o
                0x0000000008008140                se3_key_equal
 .text.se3_key_fingerprint
                0x00000000080081bc       0x20 Application/src/Device/se3_keys.o
                0x00000000080081bc                se3_key_fingerprint
 .text.se3_mem_reset
                0x00000000080081dc       0x4c Application/src/Device/se3_memory.o
                0x00000000080081dc                se3_mem_reset
 .text.se3_mem_init
                0x0000000008008228       0x54 Application/src/Device/se3_memory.o
                0x0000000008008228                se3_mem_init
 .text.se3_mem_alloc
                0x000000000800827c      0x278 Application/src/Device/se3_memory.o
                0x000000000800827c                se3_mem_alloc
 .text.se3_mem_ptr
                0x00000000080084f4       0x1c Application/src/Device/se3_memory.o
                0x00000000080084f4                se3_mem_ptr
 .text.se3_mem_free
                0x0000000008008510       0x50 Application/src/Device/se3_memory.o
                0x0000000008008510                se3_mem_free
 .text.se3_security_core_init
                0x0000000008008560       0x24 Application/src/Device/se3_security_core.o
                0x0000000008008560                se3_security_core_init
 .text.record_set
                0x0000000008008584       0x9c Application/src/Device/se3_security_core.o
                0x0000000008008584                record_set
 .text.record_get
                0x0000000008008620       0x68 Application/src/Device/se3_security_core.o
                0x0000000008008620                record_get
 .text.crypto_init
                0x0000000008008688      0x11c Application/src/Device/se3_security_core.o
                0x0000000008008688                crypto_init
 .text.crypto_update
                0x00000000080087a4       0xfc Application/src/Device/se3_security_core.o
                0x00000000080087a4                crypto_update
 .text.crypto_set_time
                0x00000000080088a0       0x24 Application/src/Device/se3_security_core.o
                0x00000000080088a0                crypto_set_time
 .text.crypto_list
                0x00000000080088c4       0x74 Application/src/Device/se3_security_core.o
                0x00000000080088c4                crypto_list
 .text.se3_payload_cryptoinit
                0x0000000008008938       0x64 Application/src/Device/se3_security_core.o
                0x0000000008008938                se3_payload_cryptoinit
 .text.se3_payload_encrypt
                0x000000000800899c       0xa0 Application/src/Device/se3_security_core.o
                0x000000000800899c                se3_payload_encrypt
 .text.se3_payload_decrypt
                0x0000000008008a3c       0x9c Application/src/Device/se3_security_core.o
                0x0000000008008a3c                se3_payload_decrypt
 .text.sekey_get_implementation_info
                0x0000000008008ad8        0xc Application/src/Device/se3_sekey.o
                0x0000000008008ad8                sekey_get_implementation_info
 .text.sekey_get_auth
                0x0000000008008ae4        0x4 Application/src/Device/se3_sekey.o
                0x0000000008008ae4                sekey_get_auth
 .text.MX_CRC_Init
                0x0000000008008ae8       0x14 Application/src/crc.o
                0x0000000008008ae8                MX_CRC_Init
 .text.HAL_CRC_MspInit
                0x0000000008008afc       0x34 Application/src/crc.o
                0x0000000008008afc                HAL_CRC_MspInit
 .text.MX_DMA_Init
                0x0000000008008b30       0x44 Application/src/dma.o
                0x0000000008008b30                MX_DMA_Init
 .text.MX_GPIO_Init
                0x0000000008008b74      0x16c Application/src/gpio.o
                0x0000000008008b74                MX_GPIO_Init
 .text.SystemClock_Config
                0x0000000008008ce0       0xb8 Application/src/main.o
                0x0000000008008ce0                SystemClock_Config
 .text.startup.main
                0x0000000008008d98       0x3c Application/src/main.o
                0x0000000008008d98                main
 .text.MX_RNG_Init
                0x0000000008008dd4       0x14 Application/src/rng.o
                0x0000000008008dd4                MX_RNG_Init
 .text.HAL_RNG_MspInit
                0x0000000008008de8       0x30 Application/src/rng.o
                0x0000000008008de8                HAL_RNG_MspInit
 .text.MX_SDIO_SD_Init
                0x0000000008008e18       0x38 Application/src/sdio.o
                0x0000000008008e18                MX_SDIO_SD_Init
 .text.HAL_SD_MspInit
                0x0000000008008e50      0x144 Application/src/sdio.o
                0x0000000008008e50                HAL_SD_MspInit
 .text.se3_rand
                0x0000000008008f94       0x70 Application/src/se3_rand.o
                0x0000000008008f94                se3_rand
 .text.secube_sdio_write
                0x0000000008009004       0x3c Application/src/se3_sdio.o
                0x0000000008009004                secube_sdio_write
 .text.secube_sdio_read
                0x0000000008009040       0x3c Application/src/se3_sdio.o
                0x0000000008009040                secube_sdio_read
 .text.secube_sdio_capacity
                0x000000000800907c       0x38 Application/src/se3_sdio.o
                0x000000000800907c                secube_sdio_capacity
 .text.secube_sdio_isready
                0x00000000080090b4       0x14 Application/src/se3_sdio.o
                0x00000000080090b4                secube_sdio_isready
 .text.HAL_MspInit
                0x00000000080090c8       0x18 Application/src/stm32f4xx_hal_msp.o
                0x00000000080090c8                HAL_MspInit
 .text.SysTick_Handler
                0x00000000080090e0       0x14 Application/src/stm32f4xx_it.o
                0x00000000080090e0                SysTick_Handler
 .text.SDIO_IRQHandler
                0x00000000080090f4        0xc Application/src/stm32f4xx_it.o
                0x00000000080090f4                SDIO_IRQHandler
 .text.DMA2_Stream3_IRQHandler
                0x0000000008009100        0xc Application/src/stm32f4xx_it.o
                0x0000000008009100                DMA2_Stream3_IRQHandler
 .text.DMA2_Stream6_IRQHandler
                0x000000000800910c        0xc Application/src/stm32f4xx_it.o
                0x000000000800910c                DMA2_Stream6_IRQHandler
 .text.OTG_HS_IRQHandler
                0x0000000008009118        0xc Application/src/stm32f4xx_it.o
                0x0000000008009118                OTG_HS_IRQHandler
 .text.MX_TIM4_Init
                0x0000000008009124       0x6c Application/src/tim.o
                0x0000000008009124                MX_TIM4_Init
 .text.HAL_TIM_PWM_MspInit
                0x0000000008009190       0x30 Application/src/tim.o
                0x0000000008009190                HAL_TIM_PWM_MspInit
 .text.MX_USART1_UART_Init
                0x00000000080091c0       0x34 Application/src/usart.o
                0x00000000080091c0                MX_USART1_UART_Init
 .text.MX_USART6_SMARTCARD_Init
                0x00000000080091f4       0x44 Application/src/usart.o
                0x00000000080091f4                MX_USART6_SMARTCARD_Init
 .text.HAL_UART_MspInit
                0x0000000008009238       0x8c Application/src/usart.o
                0x0000000008009238                HAL_UART_MspInit
 .text.HAL_SMARTCARD_MspInit
                0x00000000080092c4       0x6c Application/src/usart.o
                0x00000000080092c4                HAL_SMARTCARD_MspInit
 .text.MX_USB_DEVICE_Init
                0x0000000008009330       0x38 Application/src/usb_device.o
                0x0000000008009330                MX_USB_DEVICE_Init
 .text.HAL_PCD_MspInit
                0x0000000008009368       0xc0 Application/src/usbd_conf.o
                0x0000000008009368                HAL_PCD_MspInit
 .text.HAL_PCD_SetupStageCallback
                0x0000000008009428        0xc Application/src/usbd_conf.o
                0x0000000008009428                HAL_PCD_SetupStageCallback
 .text.HAL_PCD_DataOutStageCallback
                0x0000000008009434       0x14 Application/src/usbd_conf.o
                0x0000000008009434                HAL_PCD_DataOutStageCallback
 .text.HAL_PCD_DataInStageCallback
                0x0000000008009448       0x14 Application/src/usbd_conf.o
                0x0000000008009448                HAL_PCD_DataInStageCallback
 .text.HAL_PCD_SOFCallback
                0x000000000800945c        0x8 Application/src/usbd_conf.o
                0x000000000800945c                HAL_PCD_SOFCallback
 .text.HAL_PCD_ResetCallback
                0x0000000008009464       0x20 Application/src/usbd_conf.o
                0x0000000008009464                HAL_PCD_ResetCallback
 .text.HAL_PCD_SuspendCallback
                0x0000000008009484       0x30 Application/src/usbd_conf.o
                0x0000000008009484                HAL_PCD_SuspendCallback
 .text.HAL_PCD_ResumeCallback
                0x00000000080094b4        0x8 Application/src/usbd_conf.o
                0x00000000080094b4                HAL_PCD_ResumeCallback
 .text.HAL_PCD_ISOOUTIncompleteCallback
                0x00000000080094bc        0x8 Application/src/usbd_conf.o
                0x00000000080094bc                HAL_PCD_ISOOUTIncompleteCallback
 .text.HAL_PCD_ISOINIncompleteCallback
                0x00000000080094c4        0x8 Application/src/usbd_conf.o
                0x00000000080094c4                HAL_PCD_ISOINIncompleteCallback
 .text.HAL_PCD_ConnectCallback
                0x00000000080094cc        0x8 Application/src/usbd_conf.o
                0x00000000080094cc                HAL_PCD_ConnectCallback
 .text.HAL_PCD_DisconnectCallback
                0x00000000080094d4        0x8 Application/src/usbd_conf.o
                0x00000000080094d4                HAL_PCD_DisconnectCallback
 .text.USBD_LL_Init
                0x00000000080094dc       0x68 Application/src/usbd_conf.o
                0x00000000080094dc                USBD_LL_Init
 .text.USBD_LL_Start
                0x0000000008009544       0x10 Application/src/usbd_conf.o
                0x0000000008009544                USBD_LL_Start
 .text.USBD_LL_OpenEP
                0x0000000008009554       0x14 Application/src/usbd_conf.o
                0x0000000008009554                USBD_LL_OpenEP
 .text.USBD_LL_CloseEP
                0x0000000008009568       0x10 Application/src/usbd_conf.o
                0x0000000008009568                USBD_LL_CloseEP
 .text.USBD_LL_FlushEP
                0x0000000008009578       0x10 Application/src/usbd_conf.o
                0x0000000008009578                USBD_LL_FlushEP
 .text.USBD_LL_StallEP
                0x0000000008009588       0x10 Application/src/usbd_conf.o
                0x0000000008009588                USBD_LL_StallEP
 .text.USBD_LL_ClearStallEP
                0x0000000008009598       0x10 Application/src/usbd_conf.o
                0x0000000008009598                USBD_LL_ClearStallEP
 .text.USBD_LL_IsStallEP
                0x00000000080095a8       0x28 Application/src/usbd_conf.o
                0x00000000080095a8                USBD_LL_IsStallEP
 .text.USBD_LL_SetUSBAddress
                0x00000000080095d0       0x10 Application/src/usbd_conf.o
                0x00000000080095d0                USBD_LL_SetUSBAddress
 .text.USBD_LL_Transmit
                0x00000000080095e0       0x10 Application/src/usbd_conf.o
                0x00000000080095e0                USBD_LL_Transmit
 .text.USBD_LL_PrepareReceive
                0x00000000080095f0       0x10 Application/src/usbd_conf.o
                0x00000000080095f0                USBD_LL_PrepareReceive
 .text.USBD_LL_GetRxDataSize
                0x0000000008009600        0xc Application/src/usbd_conf.o
                0x0000000008009600                USBD_LL_GetRxDataSize
 .text.USBD_HS_DeviceDescriptor
                0x000000000800960c        0xc Application/src/usbd_desc.o
                0x000000000800960c                USBD_HS_DeviceDescriptor
 .text.USBD_HS_LangIDStrDescriptor
                0x0000000008009618        0xc Application/src/usbd_desc.o
                0x0000000008009618                USBD_HS_LangIDStrDescriptor
 .text.USBD_HS_ManufacturerStrDescriptor
                0x0000000008009624       0x1c Application/src/usbd_desc.o
                0x0000000008009624                USBD_HS_ManufacturerStrDescriptor
 .text.USBD_HS_ProductStrDescriptor
                0x0000000008009640       0x1c Application/src/usbd_desc.o
                0x0000000008009640                USBD_HS_ProductStrDescriptor
 .text.USBD_HS_SerialStrDescriptor
                0x000000000800965c       0x1c Application/src/usbd_desc.o
                0x000000000800965c                USBD_HS_SerialStrDescriptor
 .text.USBD_HS_ConfigStrDescriptor
                0x0000000008009678       0x1c Application/src/usbd_desc.o
                0x0000000008009678                USBD_HS_ConfigStrDescriptor
 .text.USBD_HS_InterfaceStrDescriptor
                0x0000000008009694       0x1c Application/src/usbd_desc.o
                0x0000000008009694                USBD_HS_InterfaceStrDescriptor
 .text.STORAGE_IsWriteProtected_HS
                0x00000000080096b0        0x4 Application/src/usbd_storage_if.o
 .text.STORAGE_GetMaxLun_HS
                0x00000000080096b4        0x4 Application/src/usbd_storage_if.o
 .text.STORAGE_Write_HS
                0x00000000080096b8       0x10 Application/src/usbd_storage_if.o
 .text.STORAGE_Read_HS
                0x00000000080096c8       0x18 Application/src/usbd_storage_if.o
 .text.STORAGE_IsReady_HS
                0x00000000080096e0       0x10 Application/src/usbd_storage_if.o
 .text.STORAGE_GetCapacity_HS
                0x00000000080096f0       0x14 Application/src/usbd_storage_if.o
 .text.STORAGE_Init_HS
                0x0000000008009704        0x4 Application/src/usbd_storage_if.o
 .text.SystemInit
                0x0000000008009708       0x50 Drivers/CMSIS/system_stm32f4xx.o
                0x0000000008009708                SystemInit
 .text.HAL_InitTick
                0x0000000008009758       0x28 Drivers/STM32F4xx_HAL_Driver/stm32f4xx_hal.o
                0x0000000008009758                HAL_InitTick
 .text.HAL_Init
                0x0000000008009780       0x34 Drivers/STM32F4xx_HAL_Driver/stm32f4xx_hal.o
                0x0000000008009780                HAL_Init
 .text.HAL_IncTick
                0x00000000080097b4       0x10 Drivers/STM32F4xx_HAL_Driver/stm32f4xx_hal.o
                0x00000000080097b4                HAL_IncTick
 .text.HAL_GetTick
                0x00000000080097c4        0xc Drivers/STM32F4xx_HAL_Driver/stm32f4xx_hal.o
                0x00000000080097c4                HAL_GetTick
 .text.HAL_Delay
                0x00000000080097d0       0x1c Drivers/STM32F4xx_HAL_Driver/stm32f4xx_hal.o
                0x00000000080097d0                HAL_Delay
 .text.HAL_NVIC_SetPriorityGrouping
                0x00000000080097ec       0x24 Drivers/STM32F4xx_HAL_Driver/stm32f4xx_hal_cortex.o
                0x00000000080097ec                HAL_NVIC_SetPriorityGrouping
 .text.HAL_NVIC_SetPriority
                0x0000000008009810       0x70 Drivers/STM32F4xx_HAL_Driver/stm32f4xx_hal_cortex.o
                0x0000000008009810                HAL_NVIC_SetPriority
 .text.HAL_NVIC_EnableIRQ
                0x0000000008009880       0x18 Drivers/STM32F4xx_HAL_Driver/stm32f4xx_hal_cortex.o
                0x0000000008009880                HAL_NVIC_EnableIRQ
 .text.HAL_SYSTICK_Config
                0x0000000008009898       0x34 Drivers/STM32F4xx_HAL_Driver/stm32f4xx_hal_cortex.o
                0x0000000008009898                HAL_SYSTICK_Config
 .text.HAL_SYSTICK_CLKSourceConfig
                0x00000000080098cc       0x18 Drivers/STM32F4xx_HAL_Driver/stm32f4xx_hal_cortex.o
                0x00000000080098cc                HAL_SYSTICK_CLKSourceConfig
 .text.HAL_SYSTICK_Callback
                0x00000000080098e4        0x4 Drivers/STM32F4xx_HAL_Driver/stm32f4xx_hal_cortex.o
                0x00000000080098e4                HAL_SYSTICK_Callback
 .text.HAL_SYSTICK_IRQHandler
                0x00000000080098e8        0x8 Drivers/STM32F4xx_HAL_Driver/stm32f4xx_hal_cortex.o
                0x00000000080098e8                HAL_SYSTICK_IRQHandler
 .text.HAL_CRC_Init
                0x00000000080098f0       0x28 Drivers/STM32F4xx_HAL_Driver/stm32f4xx_hal_crc.o
                0x00000000080098f0                HAL_CRC_Init
 .text.HAL_DMA_Init
                0x0000000008009918       0xa8 Drivers/STM32F4xx_HAL_Driver/stm32f4xx_hal_dma.o
                0x0000000008009918                HAL_DMA_Init
 .text.HAL_DMA_Start_IT
                0x00000000080099c0       0x5c Drivers/STM32F4xx_HAL_Driver/stm32f4xx_hal_dma.o
                0x00000000080099c0                HAL_DMA_Start_IT
 .text.HAL_DMA_Abort
                0x0000000008009a1c       0x50 Drivers/STM32F4xx_HAL_Driver/stm32f4xx_hal_dma.o
                0x0000000008009a1c                HAL_DMA_Abort
 .text.HAL_DMA_IRQHandler
                0x0000000008009a6c      0x18c Drivers/STM32F4xx_HAL_Driver/stm32f4xx_hal_dma.o
                0x0000000008009a6c                HAL_DMA_IRQHandler
 .text.FLASH_SetErrorCode
                0x0000000008009bf8       0x90 Drivers/STM32F4xx_HAL_Driver/stm32f4xx_hal_flash.o
 .text.HAL_FLASH_Program
                0x0000000008009c88      0x148 Drivers/STM32F4xx_HAL_Driver/stm32f4xx_hal_flash.o
                0x0000000008009c88                HAL_FLASH_Program
 .text.HAL_FLASH_Unlock
                0x0000000008009dd0       0x24 Drivers/STM32F4xx_HAL_Driver/stm32f4xx_hal_flash.o
                0x0000000008009dd0                HAL_FLASH_Unlock
 .text.HAL_FLASH_Lock
                0x0000000008009df4       0x14 Drivers/STM32F4xx_HAL_Driver/stm32f4xx_hal_flash.o
                0x0000000008009df4                HAL_FLASH_Lock
 .text.FLASH_WaitForLastOperation
                0x0000000008009e08       0x64 Drivers/STM32F4xx_HAL_Driver/stm32f4xx_hal_flash.o
                0x0000000008009e08                FLASH_WaitForLastOperation
 .text.HAL_FLASHEx_Erase
                0x0000000008009e6c      0x194 Drivers/STM32F4xx_HAL_Driver/stm32f4xx_hal_flash_ex.o
                0x0000000008009e6c                HAL_FLASHEx_Erase
 .text.HAL_GPIO_Init
                0x000000000800a000      0x220 Drivers/STM32F4xx_HAL_Driver/stm32f4xx_hal_gpio.o
                0x000000000800a000                HAL_GPIO_Init
 .text.HAL_GPIO_WritePin
                0x000000000800a220        0x8 Drivers/STM32F4xx_HAL_Driver/stm32f4xx_hal_gpio.o
                0x000000000800a220                HAL_GPIO_WritePin
 .text.HAL_PCD_Init
                0x000000000800a228      0x41c Drivers/STM32F4xx_HAL_Driver/stm32f4xx_hal_pcd.o
                0x000000000800a228                HAL_PCD_Init
 .text.HAL_PCD_Start
                0x000000000800a644       0x2c Drivers/STM32F4xx_HAL_Driver/stm32f4xx_hal_pcd.o
                0x000000000800a644                HAL_PCD_Start
 .text.HAL_PCD_IRQHandler
                0x000000000800a670      0x510 Drivers/STM32F4xx_HAL_Driver/stm32f4xx_hal_pcd.o
                0x000000000800a670                HAL_PCD_IRQHandler
 .text.HAL_PCD_SetAddress
                0x000000000800ab80       0x24 Drivers/STM32F4xx_HAL_Driver/stm32f4xx_hal_pcd.o
                0x000000000800ab80                HAL_PCD_SetAddress
 .text.HAL_PCD_EP_Open
                0x000000000800aba4       0x74 Drivers/STM32F4xx_HAL_Driver/stm32f4xx_hal_pcd.o
                0x000000000800aba4                HAL_PCD_EP_Open
 .text.HAL_PCD_EP_Close
                0x000000000800ac18       0x50 Drivers/STM32F4xx_HAL_Driver/stm32f4xx_hal_pcd.o
                0x000000000800ac18                HAL_PCD_EP_Close
 .text.HAL_PCD_EP_Receive
                0x000000000800ac68       0x6c Drivers/STM32F4xx_HAL_Driver/stm32f4xx_hal_pcd.o
                0x000000000800ac68                HAL_PCD_EP_Receive
 .text.HAL_PCD_EP_GetRxCount
                0x000000000800acd4       0x14 Drivers/STM32F4xx_HAL_Driver/stm32f4xx_hal_pcd.o
                0x000000000800acd4                HAL_PCD_EP_GetRxCount
 .text.HAL_PCD_EP_Transmit
                0x000000000800ace8       0x64 Drivers/STM32F4xx_HAL_Driver/stm32f4xx_hal_pcd.o
                0x000000000800ace8                HAL_PCD_EP_Transmit
 .text.HAL_PCD_EP_SetStall
                0x000000000800ad4c       0x64 Drivers/STM32F4xx_HAL_Driver/stm32f4xx_hal_pcd.o
                0x000000000800ad4c                HAL_PCD_EP_SetStall
 .text.HAL_PCD_EP_ClrStall
                0x000000000800adb0       0x54 Drivers/STM32F4xx_HAL_Driver/stm32f4xx_hal_pcd.o
                0x000000000800adb0                HAL_PCD_EP_ClrStall
 .text.HAL_PCD_EP_Flush
                0x000000000800ae04       0x3c Drivers/STM32F4xx_HAL_Driver/stm32f4xx_hal_pcd.o
                0x000000000800ae04                HAL_PCD_EP_Flush
 .text.HAL_PCDEx_SetTxFiFo
                0x000000000800ae40       0x48 Drivers/STM32F4xx_HAL_Driver/stm32f4xx_hal_pcd_ex.o
                0x000000000800ae40                HAL_PCDEx_SetTxFiFo
 .text.HAL_PCDEx_SetRxFiFo
                0x000000000800ae88        0x8 Drivers/STM32F4xx_HAL_Driver/stm32f4xx_hal_pcd_ex.o
                0x000000000800ae88                HAL_PCDEx_SetRxFiFo
 .text.HAL_RCC_OscConfig
                0x000000000800ae90      0x318 Drivers/STM32F4xx_HAL_Driver/stm32f4xx_hal_rcc.o
                0x000000000800ae90                HAL_RCC_OscConfig
 .text.HAL_RCC_ClockConfig
                0x000000000800b1a8      0x140 Drivers/STM32F4xx_HAL_Driver/stm32f4xx_hal_rcc.o
                0x000000000800b1a8                HAL_RCC_ClockConfig
 .text.HAL_RCC_MCOConfig
                0x000000000800b2e8       0xa4 Drivers/STM32F4xx_HAL_Driver/stm32f4xx_hal_rcc.o
                0x000000000800b2e8                HAL_RCC_MCOConfig
 .text.HAL_RCC_GetSysClockFreq
                0x000000000800b38c       0x64 Drivers/STM32F4xx_HAL_Driver/stm32f4xx_hal_rcc.o
                0x000000000800b38c                HAL_RCC_GetSysClockFreq
 .text.HAL_RCC_GetHCLKFreq
                0x000000000800b3f0       0x34 Drivers/STM32F4xx_HAL_Driver/stm32f4xx_hal_rcc.o
                0x000000000800b3f0                HAL_RCC_GetHCLKFreq
 .text.HAL_RCC_GetPCLK1Freq
                0x000000000800b424       0x4c Drivers/STM32F4xx_HAL_Driver/stm32f4xx_hal_rcc.o
                0x000000000800b424                HAL_RCC_GetPCLK1Freq
 .text.HAL_RCC_GetPCLK2Freq
                0x000000000800b470       0x4c Drivers/STM32F4xx_HAL_Driver/stm32f4xx_hal_rcc.o
                0x000000000800b470                HAL_RCC_GetPCLK2Freq
 .text.HAL_RNG_Init
                0x000000000800b4bc       0x44 Drivers/STM32F4xx_HAL_Driver/stm32f4xx_hal_rng.o
                0x000000000800b4bc                HAL_RNG_Init
 .text.HAL_RNG_GenerateRandomNumber
                0x000000000800b500       0x58 Drivers/STM32F4xx_HAL_Driver/stm32f4xx_hal_rng.o
                0x000000000800b500                HAL_RNG_GenerateRandomNumber
 .text.SD_CmdResp1Error.part.0
                0x000000000800b558       0xbc Drivers/STM32F4xx_HAL_Driver/stm32f4xx_hal_sd.o
 .text.SD_CmdResp1Error
                0x000000000800b614       0x44 Drivers/STM32F4xx_HAL_Driver/stm32f4xx_hal_sd.o
 .text.SD_FindSCR
                0x000000000800b658      0x178 Drivers/STM32F4xx_HAL_Driver/stm32f4xx_hal_sd.o
 .text.HAL_SD_ReadBlocks_DMA
                0x000000000800b7d0      0x190 Drivers/STM32F4xx_HAL_Driver/stm32f4xx_hal_sd.o
                0x000000000800b7d0                HAL_SD_ReadBlocks_DMA
 .text.HAL_SD_WriteBlocks_DMA
                0x000000000800b960      0x188 Drivers/STM32F4xx_HAL_Driver/stm32f4xx_hal_sd.o
                0x000000000800b960                HAL_SD_WriteBlocks_DMA
 .text.HAL_SD_CheckReadOperation
                0x000000000800bae8       0xfc Drivers/STM32F4xx_HAL_Driver/stm32f4xx_hal_sd.o
                0x000000000800bae8                HAL_SD_CheckReadOperation
 .text.HAL_SD_CheckWriteOperation
                0x000000000800bbe4      0x174 Drivers/STM32F4xx_HAL_Driver/stm32f4xx_hal_sd.o
                0x000000000800bbe4                HAL_SD_CheckWriteOperation
 .text.HAL_SD_XferCpltCallback
                0x000000000800bd58        0x4 Drivers/STM32F4xx_HAL_Driver/stm32f4xx_hal_sd.o
                0x000000000800bd58                HAL_SD_XferCpltCallback
 .text.HAL_SD_XferErrorCallback
                0x000000000800bd5c        0x4 Drivers/STM32F4xx_HAL_Driver/stm32f4xx_hal_sd.o
                0x000000000800bd5c                HAL_SD_XferErrorCallback
 .text.HAL_SD_IRQHandler
                0x000000000800bd60       0xa0 Drivers/STM32F4xx_HAL_Driver/stm32f4xx_hal_sd.o
                0x000000000800bd60                HAL_SD_IRQHandler
 .text.HAL_SD_DMA_RxCpltCallback
                0x000000000800be00        0x4 Drivers/STM32F4xx_HAL_Driver/stm32f4xx_hal_sd.o
                0x000000000800be00                HAL_SD_DMA_RxCpltCallback
 .text.SD_DMA_RxCplt
                0x000000000800be04       0x1c Drivers/STM32F4xx_HAL_Driver/stm32f4xx_hal_sd.o
 .text.HAL_SD_DMA_RxErrorCallback
                0x000000000800be20        0x4 Drivers/STM32F4xx_HAL_Driver/stm32f4xx_hal_sd.o
                0x000000000800be20                HAL_SD_DMA_RxErrorCallback
 .text.SD_DMA_RxError
                0x000000000800be24        0xc Drivers/STM32F4xx_HAL_Driver/stm32f4xx_hal_sd.o
 .text.HAL_SD_DMA_TxCpltCallback
                0x000000000800be30        0x4 Drivers/STM32F4xx_HAL_Driver/stm32f4xx_hal_sd.o
                0x000000000800be30                HAL_SD_DMA_TxCpltCallback
 .text.SD_DMA_TxCplt
                0x000000000800be34       0x1c Drivers/STM32F4xx_HAL_Driver/stm32f4xx_hal_sd.o
 .text.HAL_SD_DMA_TxErrorCallback
                0x000000000800be50        0x4 Drivers/STM32F4xx_HAL_Driver/stm32f4xx_hal_sd.o
                0x000000000800be50                HAL_SD_DMA_TxErrorCallback
 .text.SD_DMA_TxError
                0x000000000800be54        0xc Drivers/STM32F4xx_HAL_Driver/stm32f4xx_hal_sd.o
 .text.HAL_SD_Get_CardInfo
                0x000000000800be60      0x290 Drivers/STM32F4xx_HAL_Driver/stm32f4xx_hal_sd.o
                0x000000000800be60                HAL_SD_Get_CardInfo
 .text.HAL_SD_Init
                0x000000000800c0f0      0x4c0 Drivers/STM32F4xx_HAL_Driver/stm32f4xx_hal_sd.o
                0x000000000800c0f0                HAL_SD_Init
 .text.HAL_SD_WideBusOperation_Config
                0x000000000800c5b0      0x150 Drivers/STM32F4xx_HAL_Driver/stm32f4xx_hal_sd.o
                0x000000000800c5b0                HAL_SD_WideBusOperation_Config
 .text.HAL_SD_GetStatus
                0x000000000800c700       0x70 Drivers/STM32F4xx_HAL_Driver/stm32f4xx_hal_sd.o
                0x000000000800c700                HAL_SD_GetStatus
 .text.HAL_SMARTCARD_Init
                0x000000000800c770      0x250 Drivers/STM32F4xx_HAL_Driver/stm32f4xx_hal_smartcard.o
                0x000000000800c770                HAL_SMARTCARD_Init
 .text.HAL_TIM_PWM_Init
                0x000000000800c9c0       0xfc Drivers/STM32F4xx_HAL_Driver/stm32f4xx_hal_tim.o
                0x000000000800c9c0                HAL_TIM_PWM_Init
 .text.HAL_TIM_PWM_ConfigChannel
                0x000000000800cabc      0x228 Drivers/STM32F4xx_HAL_Driver/stm32f4xx_hal_tim.o
                0x000000000800cabc                HAL_TIM_PWM_ConfigChannel
 .text.HAL_TIMEx_MasterConfigSynchronization
                0x000000000800cce4       0x48 Drivers/STM32F4xx_HAL_Driver/stm32f4xx_hal_tim_ex.o
                0x000000000800cce4                HAL_TIMEx_MasterConfigSynchronization
 .text.UART_SetConfig
                0x000000000800cd2c      0x2dc Drivers/STM32F4xx_HAL_Driver/stm32f4xx_hal_uart.o
 .text.HAL_UART_Init
                0x000000000800d008       0x60 Drivers/STM32F4xx_HAL_Driver/stm32f4xx_hal_uart.o
                0x000000000800d008                HAL_UART_Init
 .text.SDIO_Init
                0x000000000800d068       0x34 Drivers/STM32F4xx_HAL_Driver/stm32f4xx_ll_sdmmc.o
                0x000000000800d068                SDIO_Init
 .text.SDIO_ReadFIFO
                0x000000000800d09c        0x8 Drivers/STM32F4xx_HAL_Driver/stm32f4xx_ll_sdmmc.o
                0x000000000800d09c                SDIO_ReadFIFO
 .text.SDIO_PowerState_ON
                0x000000000800d0a4        0x8 Drivers/STM32F4xx_HAL_Driver/stm32f4xx_ll_sdmmc.o
                0x000000000800d0a4                SDIO_PowerState_ON
 .text.SDIO_GetPowerState
                0x000000000800d0ac        0x8 Drivers/STM32F4xx_HAL_Driver/stm32f4xx_ll_sdmmc.o
                0x000000000800d0ac                SDIO_GetPowerState
 .text.SDIO_SendCommand
                0x000000000800d0b4       0x28 Drivers/STM32F4xx_HAL_Driver/stm32f4xx_ll_sdmmc.o
                0x000000000800d0b4                SDIO_SendCommand
 .text.SDIO_GetCommandResponse
                0x000000000800d0dc        0x8 Drivers/STM32F4xx_HAL_Driver/stm32f4xx_ll_sdmmc.o
                0x000000000800d0dc                SDIO_GetCommandResponse
 .text.SDIO_GetResponse
                0x000000000800d0e4       0x18 Drivers/STM32F4xx_HAL_Driver/stm32f4xx_ll_sdmmc.o
                0x000000000800d0e4                SDIO_GetResponse
 .text.SDIO_DataConfig
                0x000000000800d0fc       0x28 Drivers/STM32F4xx_HAL_Driver/stm32f4xx_ll_sdmmc.o
                0x000000000800d0fc                SDIO_DataConfig
 .text.USB_CoreInit
                0x000000000800d124       0xb8 Drivers/STM32F4xx_HAL_Driver/stm32f4xx_ll_usb.o
                0x000000000800d124                USB_CoreInit
 .text.USB_EnableGlobalInt
                0x000000000800d1dc       0x10 Drivers/STM32F4xx_HAL_Driver/stm32f4xx_ll_usb.o
                0x000000000800d1dc                USB_EnableGlobalInt
 .text.USB_DisableGlobalInt
                0x000000000800d1ec       0x10 Drivers/STM32F4xx_HAL_Driver/stm32f4xx_ll_usb.o
                0x000000000800d1ec                USB_DisableGlobalInt
 .text.USB_SetCurrentMode
                0x000000000800d1fc       0x34 Drivers/STM32F4xx_HAL_Driver/stm32f4xx_ll_usb.o
                0x000000000800d1fc                USB_SetCurrentMode
 .text.USB_DevInit
                0x000000000800d230      0x174 Drivers/STM32F4xx_HAL_Driver/stm32f4xx_ll_usb.o
                0x000000000800d230                USB_DevInit
 .text.USB_FlushTxFifo
                0x000000000800d3a4       0x24 Drivers/STM32F4xx_HAL_Driver/stm32f4xx_ll_usb.o
                0x000000000800d3a4                USB_FlushTxFifo
 .text.USB_FlushRxFifo
                0x000000000800d3c8       0x20 Drivers/STM32F4xx_HAL_Driver/stm32f4xx_ll_usb.o
                0x000000000800d3c8                USB_FlushRxFifo
 .text.USB_GetDevSpeed
                0x000000000800d3e8       0x38 Drivers/STM32F4xx_HAL_Driver/stm32f4xx_ll_usb.o
                0x000000000800d3e8                USB_GetDevSpeed
 .text.USB_ActivateEndpoint
                0x000000000800d420       0x90 Drivers/STM32F4xx_HAL_Driver/stm32f4xx_ll_usb.o
                0x000000000800d420                USB_ActivateEndpoint
 .text.USB_DeactivateEndpoint
                0x000000000800d4b0       0x84 Drivers/STM32F4xx_HAL_Driver/stm32f4xx_ll_usb.o
                0x000000000800d4b0                USB_DeactivateEndpoint
 .text.USB_EPStartXfer
                0x000000000800d534      0x278 Drivers/STM32F4xx_HAL_Driver/stm32f4xx_ll_usb.o
                0x000000000800d534                USB_EPStartXfer
 .text.USB_EP0StartXfer
                0x000000000800d7ac      0x17c Drivers/STM32F4xx_HAL_Driver/stm32f4xx_ll_usb.o
                0x000000000800d7ac                USB_EP0StartXfer
 .text.USB_WritePacket
                0x000000000800d928       0x2c Drivers/STM32F4xx_HAL_Driver/stm32f4xx_ll_usb.o
                0x000000000800d928                USB_WritePacket
 .text.USB_ReadPacket
                0x000000000800d954       0x24 Drivers/STM32F4xx_HAL_Driver/stm32f4xx_ll_usb.o
                0x000000000800d954                USB_ReadPacket
 .text.USB_EPSetStall
                0x000000000800d978       0x40 Drivers/STM32F4xx_HAL_Driver/stm32f4xx_ll_usb.o
                0x000000000800d978                USB_EPSetStall
 .text.USB_EPClearStall
                0x000000000800d9b8       0x3c Drivers/STM32F4xx_HAL_Driver/stm32f4xx_ll_usb.o
                0x000000000800d9b8                USB_EPClearStall
 .text.USB_SetDevAddress
                0x000000000800d9f4       0x20 Drivers/STM32F4xx_HAL_Driver/stm32f4xx_ll_usb.o
                0x000000000800d9f4                USB_SetDevAddress
 .text.USB_DevConnect
                0x000000000800da14       0x18 Drivers/STM32F4xx_HAL_Driver/stm32f4xx_ll_usb.o
                0x000000000800da14                USB_DevConnect
 .text.USB_DevDisconnect
                0x000000000800da2c       0x18 Drivers/STM32F4xx_HAL_Driver/stm32f4xx_ll_usb.o
                0x000000000800da2c                USB_DevDisconnect
 .text.USB_ReadInterrupts
                0x000000000800da44        0x8 Drivers/STM32F4xx_HAL_Driver/stm32f4xx_ll_usb.o
                0x000000000800da44                USB_ReadInterrupts
 .text.USB_ReadDevAllOutEpInterrupt
                0x000000000800da4c       0x10 Drivers/STM32F4xx_HAL_Driver/stm32f4xx_ll_usb.o
                0x000000000800da4c                USB_ReadDevAllOutEpInterrupt
 .text.USB_ReadDevAllInEpInterrupt
                0x000000000800da5c       0x10 Drivers/STM32F4xx_HAL_Driver/stm32f4xx_ll_usb.o
                0x000000000800da5c                USB_ReadDevAllInEpInterrupt
 .text.USB_ReadDevOutEPInterrupt
                0x000000000800da6c       0x14 Drivers/STM32F4xx_HAL_Driver/stm32f4xx_ll_usb.o
                0x000000000800da6c                USB_ReadDevOutEPInterrupt
 .text.USB_ReadDevInEPInterrupt
                0x000000000800da80       0x20 Drivers/STM32F4xx_HAL_Driver/stm32f4xx_ll_usb.o
                0x000000000800da80                USB_ReadDevInEPInterrupt
 .text.USB_GetMode
                0x000000000800daa0        0x8 Drivers/STM32F4xx_HAL_Driver/stm32f4xx_ll_usb.o
                0x000000000800daa0                USB_GetMode
 .text.USB_ActivateSetup
                0x000000000800daa8       0x38 Drivers/STM32F4xx_HAL_Driver/stm32f4xx_ll_usb.o
                0x000000000800daa8                USB_ActivateSetup
 .text.USB_EP0_OutStart
                0x000000000800dae0       0x44 Drivers/STM32F4xx_HAL_Driver/stm32f4xx_ll_usb.o
                0x000000000800dae0                USB_EP0_OutStart
 .text.USBD_Init
                0x000000000800db24       0x2c Middlewares/USB_Device_Library/usbd_core.o
                0x000000000800db24                USBD_Init
 .text.USBD_RegisterClass
                0x000000000800db50       0x10 Middlewares/USB_Device_Library/usbd_core.o
                0x000000000800db50                USBD_RegisterClass
 .text.USBD_Start
                0x000000000800db60        0xc Middlewares/USB_Device_Library/usbd_core.o
                0x000000000800db60                USBD_Start
 .text.USBD_SetClassConfig
                0x000000000800db6c       0x14 Middlewares/USB_Device_Library/usbd_core.o
                0x000000000800db6c                USBD_SetClassConfig
 .text.USBD_ClrClassConfig
                0x000000000800db80       0x10 Middlewares/USB_Device_Library/usbd_core.o
                0x000000000800db80                USBD_ClrClassConfig
 .text.USBD_LL_SetupStage
                0x000000000800db90       0x60 Middlewares/USB_Device_Library/usbd_core.o
                0x000000000800db90                USBD_LL_SetupStage
 .text.USBD_LL_DataOutStage
                0x000000000800dbf0       0x6c Middlewares/USB_Device_Library/usbd_core.o
                0x000000000800dbf0                USBD_LL_DataOutStage
 .text.USBD_LL_DataInStage
                0x000000000800dc5c       0xa4 Middlewares/USB_Device_Library/usbd_core.o
                0x000000000800dc5c                USBD_LL_DataInStage
 .text.USBD_LL_Reset
                0x000000000800dd00       0x40 Middlewares/USB_Device_Library/usbd_core.o
                0x000000000800dd00                USBD_LL_Reset
 .text.USBD_LL_SetSpeed
                0x000000000800dd40        0x8 Middlewares/USB_Device_Library/usbd_core.o
                0x000000000800dd40                USBD_LL_SetSpeed
 .text.USBD_LL_Suspend
                0x000000000800dd48       0x14 Middlewares/USB_Device_Library/usbd_core.o
                0x000000000800dd48                USBD_LL_Suspend
 .text.USBD_LL_Resume
                0x000000000800dd5c       0x10 Middlewares/USB_Device_Library/usbd_core.o
                0x000000000800dd5c                USBD_LL_Resume
 .text.USBD_LL_SOF
                0x000000000800dd6c       0x1c Middlewares/USB_Device_Library/usbd_core.o
                0x000000000800dd6c                USBD_LL_SOF
 .text.USBD_LL_IsoINIncomplete
                0x000000000800dd88        0x4 Middlewares/USB_Device_Library/usbd_core.o
                0x000000000800dd88                USBD_LL_IsoINIncomplete
 .text.USBD_LL_IsoOUTIncomplete
                0x000000000800dd8c        0x4 Middlewares/USB_Device_Library/usbd_core.o
                0x000000000800dd8c                USBD_LL_IsoOUTIncomplete
 .text.USBD_LL_DevConnected
                0x000000000800dd90        0x4 Middlewares/USB_Device_Library/usbd_core.o
                0x000000000800dd90                USBD_LL_DevConnected
 .text.USBD_LL_DevDisconnected
                0x000000000800dd94       0x18 Middlewares/USB_Device_Library/usbd_core.o
                0x000000000800dd94                USBD_LL_DevDisconnected
 .text.USBD_StdDevReq
                0x000000000800ddac      0x2a0 Middlewares/USB_Device_Library/usbd_ctlreq.o
                0x000000000800ddac                USBD_StdDevReq
 .text.USBD_StdItfReq
                0x000000000800e04c       0x3c Middlewares/USB_Device_Library/usbd_ctlreq.o
                0x000000000800e04c                USBD_StdItfReq
 .text.USBD_StdEPReq
                0x000000000800e088       0xd0 Middlewares/USB_Device_Library/usbd_ctlreq.o
                0x000000000800e088                USBD_StdEPReq
 .text.USBD_ParseSetupRequest
                0x000000000800e158       0x28 Middlewares/USB_Device_Library/usbd_ctlreq.o
                0x000000000800e158                USBD_ParseSetupRequest
 .text.USBD_CtlError
                0x000000000800e180       0x18 Middlewares/USB_Device_Library/usbd_ctlreq.o
                0x000000000800e180                USBD_CtlError
 .text.USBD_GetString
                0x000000000800e198       0x4c Middlewares/USB_Device_Library/usbd_ctlreq.o
                0x000000000800e198                USBD_GetString
 .text.USBD_CtlSendData
                0x000000000800e1e4       0x1c Middlewares/USB_Device_Library/usbd_ioreq.o
                0x000000000800e1e4                USBD_CtlSendData
 .text.USBD_CtlContinueSendData
                0x000000000800e200       0x10 Middlewares/USB_Device_Library/usbd_ioreq.o
                0x000000000800e200                USBD_CtlContinueSendData
 .text.USBD_CtlContinueRx
                0x000000000800e210       0x10 Middlewares/USB_Device_Library/usbd_ioreq.o
                0x000000000800e210                USBD_CtlContinueRx
 .text.USBD_CtlSendStatus
                0x000000000800e220       0x18 Middlewares/USB_Device_Library/usbd_ioreq.o
                0x000000000800e220                USBD_CtlSendStatus
 .text.USBD_CtlReceiveStatus
                0x000000000800e238       0x18 Middlewares/USB_Device_Library/usbd_ioreq.o
                0x000000000800e238                USBD_CtlReceiveStatus
 .text.USBD_MSC_GetHSCfgDesc
                0x000000000800e250        0xc Middlewares/USB_Device_Library/usbd_msc.o
                0x000000000800e250                USBD_MSC_GetHSCfgDesc
 .text.USBD_MSC_GetFSCfgDesc
                0x000000000800e25c        0xc Middlewares/USB_Device_Library/usbd_msc.o
                0x000000000800e25c                USBD_MSC_GetFSCfgDesc
 .text.USBD_MSC_GetOtherSpeedCfgDesc
                0x000000000800e268        0xc Middlewares/USB_Device_Library/usbd_msc.o
                0x000000000800e268                USBD_MSC_GetOtherSpeedCfgDesc
 .text.USBD_MSC_GetDeviceQualifierDescriptor
                0x000000000800e274        0xc Middlewares/USB_Device_Library/usbd_msc.o
                0x000000000800e274                USBD_MSC_GetDeviceQualifierDescriptor
 .text.USBD_MSC_Init
                0x000000000800e280       0x64 Middlewares/USB_Device_Library/usbd_msc.o
                0x000000000800e280                USBD_MSC_Init
 .text.USBD_MSC_DeInit
                0x000000000800e2e4       0x2c Middlewares/USB_Device_Library/usbd_msc.o
                0x000000000800e2e4                USBD_MSC_DeInit
 .text.USBD_MSC_Setup
                0x000000000800e310      0x104 Middlewares/USB_Device_Library/usbd_msc.o
                0x000000000800e310                USBD_MSC_Setup
 .text.USBD_MSC_DataIn
                0x000000000800e414        0xc Middlewares/USB_Device_Library/usbd_msc.o
                0x000000000800e414                USBD_MSC_DataIn
 .text.USBD_MSC_DataOut
                0x000000000800e420        0xc Middlewares/USB_Device_Library/usbd_msc.o
                0x000000000800e420                USBD_MSC_DataOut
 .text.USBD_MSC_RegisterStorage
                0x000000000800e42c        0xc Middlewares/USB_Device_Library/usbd_msc.o
                0x000000000800e42c                USBD_MSC_RegisterStorage
 .text.MSC_BOT_Init
                0x000000000800e438       0x48 Middlewares/USB_Device_Library/usbd_msc_bot.o
                0x000000000800e438                MSC_BOT_Init
 .text.MSC_BOT_Reset
                0x000000000800e480       0x20 Middlewares/USB_Device_Library/usbd_msc_bot.o
                0x000000000800e480                MSC_BOT_Reset
 .text.MSC_BOT_DeInit
                0x000000000800e4a0        0xc Middlewares/USB_Device_Library/usbd_msc_bot.o
                0x000000000800e4a0                MSC_BOT_DeInit
 .text.MSC_BOT_DataIn
                0x000000000800e4ac       0xa8 Middlewares/USB_Device_Library/usbd_msc_bot.o
                0x000000000800e4ac                MSC_BOT_DataIn
 .text.MSC_BOT_SendCSW
                0x000000000800e554       0x3c Middlewares/USB_Device_Library/usbd_msc_bot.o
                0x000000000800e554                MSC_BOT_SendCSW
 .text.MSC_BOT_DataOut
                0x000000000800e590      0x198 Middlewares/USB_Device_Library/usbd_msc_bot.o
                0x000000000800e590                MSC_BOT_DataOut
 .text.MSC_BOT_CplClrFeature
                0x000000000800e728       0x60 Middlewares/USB_Device_Library/usbd_msc_bot.o
                0x000000000800e728                MSC_BOT_CplClrFeature
 .text.SCSI_ProcessCmd
                0x000000000800e788      0x808 Middlewares/USB_Device_Library/usbd_msc_scsi.o
                0x000000000800e788                SCSI_ProcessCmd
 .text.SCSI_SenseCode
                0x000000000800ef90       0x34 Middlewares/USB_Device_Library/usbd_msc_scsi.o
                0x000000000800ef90                SCSI_SenseCode
 .text.atoi     0x000000000800efc4        0x8 /Users/Nico/.p2/pool/plugins/fr.ac6.mcu.externaltools.arm-none.macos64_1.13.1.201703061524/tools/compiler/bin/../lib/gcc/arm-none-eabi/5.4.1/../../../../arm-none-eabi/lib/armv7e-m/fpu/libc_nano.a(lib_a-atoi.o)
                0x000000000800efc4                atoi
 .text.calloc   0x000000000800efcc       0x10 /Users/Nico/.p2/pool/plugins/fr.ac6.mcu.externaltools.arm-none.macos64_1.13.1.201703061524/tools/compiler/bin/../lib/gcc/arm-none-eabi/5.4.1/../../../../arm-none-eabi/lib/armv7e-m/fpu/libc_nano.a(lib_a-calloc.o)
                0x000000000800efcc                calloc
 .text.__libc_init_array
                0x000000000800efdc       0x4c /Users/Nico/.p2/pool/plugins/fr.ac6.mcu.externaltools.arm-none.macos64_1.13.1.201703061524/tools/compiler/bin/../lib/gcc/arm-none-eabi/5.4.1/../../../../arm-none-eabi/lib/armv7e-m/fpu/libc_nano.a(lib_a-init.o)
                0x000000000800efdc                __libc_init_array
 .text.malloc   0x000000000800f028       0x10 /Users/Nico/.p2/pool/plugins/fr.ac6.mcu.externaltools.arm-none.macos64_1.13.1.201703061524/tools/compiler/bin/../lib/gcc/arm-none-eabi/5.4.1/../../../../arm-none-eabi/lib/armv7e-m/fpu/libc_nano.a(lib_a-malloc.o)
                0x000000000800f028                malloc
 .text.free     0x000000000800f038       0x10 /Users/Nico/.p2/pool/plugins/fr.ac6.mcu.externaltools.arm-none.macos64_1.13.1.201703061524/tools/compiler/bin/../lib/gcc/arm-none-eabi/5.4.1/../../../../arm-none-eabi/lib/armv7e-m/fpu/libc_nano.a(lib_a-malloc.o)
                0x000000000800f038                free
 .text.memcmp   0x000000000800f048       0x1e /Users/Nico/.p2/pool/plugins/fr.ac6.mcu.externaltools.arm-none.macos64_1.13.1.201703061524/tools/compiler/bin/../lib/gcc/arm-none-eabi/5.4.1/../../../../arm-none-eabi/lib/armv7e-m/fpu/libc_nano.a(lib_a-memcmp.o)
                0x000000000800f048                memcmp
 .text.memcpy   0x000000000800f066       0x16 /Users/Nico/.p2/pool/plugins/fr.ac6.mcu.externaltools.arm-none.macos64_1.13.1.201703061524/tools/compiler/bin/../lib/gcc/arm-none-eabi/5.4.1/../../../../arm-none-eabi/lib/armv7e-m/fpu/libc_nano.a(lib_a-memcpy-stub.o)
                0x000000000800f066                memcpy
 .text.memmove  0x000000000800f07c       0x36 /Users/Nico/.p2/pool/plugins/fr.ac6.mcu.externaltools.arm-none.macos64_1.13.1.201703061524/tools/compiler/bin/../lib/gcc/arm-none-eabi/5.4.1/../../../../arm-none-eabi/lib/armv7e-m/fpu/libc_nano.a(lib_a-memmove.o)
                0x000000000800f07c                memmove
 .text.memset   0x000000000800f0b2       0x10 /Users/Nico/.p2/pool/plugins/fr.ac6.mcu.externaltools.arm-none.macos64_1.13.1.201703061524/tools/compiler/bin/../lib/gcc/arm-none-eabi/5.4.1/../../../../arm-none-eabi/lib/armv7e-m/fpu/libc_nano.a(lib_a-memset.o)
                0x000000000800f0b2                memset
 .text._calloc_r
                0x000000000800f0c2       0x1c /Users/Nico/.p2/pool/plugins/fr.ac6.mcu.externaltools.arm-none.macos64_1.13.1.201703061524/tools/compiler/bin/../lib/gcc/arm-none-eabi/5.4.1/../../../../arm-none-eabi/lib/armv7e-m/fpu/libc_nano.a(lib_a-nano-callocr.o)
                0x000000000800f0c2                _calloc_r
 *fill*         0x000000000800f0de        0x2 
 .text._free_r  0x000000000800f0e0       0x9c /Users/Nico/.p2/pool/plugins/fr.ac6.mcu.externaltools.arm-none.macos64_1.13.1.201703061524/tools/compiler/bin/../lib/gcc/arm-none-eabi/5.4.1/../../../../arm-none-eabi/lib/armv7e-m/fpu/libc_nano.a(lib_a-nano-freer.o)
                0x000000000800f0e0                _free_r
 .text._malloc_r
                0x000000000800f17c       0xbc /Users/Nico/.p2/pool/plugins/fr.ac6.mcu.externaltools.arm-none.macos64_1.13.1.201703061524/tools/compiler/bin/../lib/gcc/arm-none-eabi/5.4.1/../../../../arm-none-eabi/lib/armv7e-m/fpu/libc_nano.a(lib_a-nano-mallocr.o)
                0x000000000800f17c                _malloc_r
 .text._sbrk_r  0x000000000800f238       0x20 /Users/Nico/.p2/pool/plugins/fr.ac6.mcu.externaltools.arm-none.macos64_1.13.1.201703061524/tools/compiler/bin/../lib/gcc/arm-none-eabi/5.4.1/../../../../arm-none-eabi/lib/armv7e-m/fpu/libc_nano.a(lib_a-sbrkr.o)
                0x000000000800f238                _sbrk_r
 .text.sprintf  0x000000000800f258       0x48 /Users/Nico/.p2/pool/plugins/fr.ac6.mcu.externaltools.arm-none.macos64_1.13.1.201703061524/tools/compiler/bin/../lib/gcc/arm-none-eabi/5.4.1/../../../../arm-none-eabi/lib/armv7e-m/fpu/libc_nano.a(lib_a-sprintf.o)
                0x000000000800f258                sprintf
                0x000000000800f258                siprintf
 .text._strtol_l.isra.0
                0x000000000800f2a0      0x110 /Users/Nico/.p2/pool/plugins/fr.ac6.mcu.externaltools.arm-none.macos64_1.13.1.201703061524/tools/compiler/bin/../lib/gcc/arm-none-eabi/5.4.1/../../../../arm-none-eabi/lib/armv7e-m/fpu/libc_nano.a(lib_a-strtol.o)
 .text.strtol   0x000000000800f3b0       0x2c /Users/Nico/.p2/pool/plugins/fr.ac6.mcu.externaltools.arm-none.macos64_1.13.1.201703061524/tools/compiler/bin/../lib/gcc/arm-none-eabi/5.4.1/../../../../arm-none-eabi/lib/armv7e-m/fpu/libc_nano.a(lib_a-strtol.o)
                0x000000000800f3b0                strtol
 .text.__locale_ctype_ptr_l
                0x000000000800f3dc        0x6 /Users/Nico/.p2/pool/plugins/fr.ac6.mcu.externaltools.arm-none.macos64_1.13.1.201703061524/tools/compiler/bin/../lib/gcc/arm-none-eabi/5.4.1/../../../../arm-none-eabi/lib/armv7e-m/fpu/libc_nano.a(lib_a-locale.o)
                0x000000000800f3dc                __locale_ctype_ptr_l
 .text.__ascii_mbtowc
                0x000000000800f3e2       0x24 /Users/Nico/.p2/pool/plugins/fr.ac6.mcu.externaltools.arm-none.macos64_1.13.1.201703061524/tools/compiler/bin/../lib/gcc/arm-none-eabi/5.4.1/../../../../arm-none-eabi/lib/armv7e-m/fpu/libc_nano.a(lib_a-mbtowc_r.o)
                0x000000000800f3e2                __ascii_mbtowc
 .text.__malloc_lock
                0x000000000800f406        0x2 /Users/Nico/.p2/pool/plugins/fr.ac6.mcu.externaltools.arm-none.macos64_1.13.1.201703061524/tools/compiler/bin/../lib/gcc/arm-none-eabi/5.4.1/../../../../arm-none-eabi/lib/armv7e-m/fpu/libc_nano.a(lib_a-mlock.o)
                0x000000000800f406                __malloc_lock
 .text.__malloc_unlock
                0x000000000800f408        0x2 /Users/Nico/.p2/pool/plugins/fr.ac6.mcu.externaltools.arm-none.macos64_1.13.1.201703061524/tools/compiler/bin/../lib/gcc/arm-none-eabi/5.4.1/../../../../arm-none-eabi/lib/armv7e-m/fpu/libc_nano.a(lib_a-mlock.o)
                0x000000000800f408                __malloc_unlock
 .text.__ssputs_r
                0x000000000800f40a       0xb2 /Users/Nico/.p2/pool/plugins/fr.ac6.mcu.externaltools.arm-none.macos64_1.13.1.201703061524/tools/compiler/bin/../lib/gcc/arm-none-eabi/5.4.1/../../../../arm-none-eabi/lib/armv7e-m/fpu/libc_nano.a(lib_a-nano-svfprintf.o)
                0x000000000800f40a                __ssputs_r
 .text._svfprintf_r
                0x000000000800f4bc      0x1e8 /Users/Nico/.p2/pool/plugins/fr.ac6.mcu.externaltools.arm-none.macos64_1.13.1.201703061524/tools/compiler/bin/../lib/gcc/arm-none-eabi/5.4.1/../../../../arm-none-eabi/lib/armv7e-m/fpu/libc_nano.a(lib_a-nano-svfprintf.o)
                0x000000000800f4bc                _svfprintf_r
                0x000000000800f4bc                _svfiprintf_r
 .text._printf_common
                0x000000000800f6a4       0xec /Users/Nico/.p2/pool/plugins/fr.ac6.mcu.externaltools.arm-none.macos64_1.13.1.201703061524/tools/compiler/bin/../lib/gcc/arm-none-eabi/5.4.1/../../../../arm-none-eabi/lib/armv7e-m/fpu/libc_nano.a(lib_a-nano-vfprintf_i.o)
                0x000000000800f6a4                _printf_common
 .text._printf_i
                0x000000000800f790      0x24c /Users/Nico/.p2/pool/plugins/fr.ac6.mcu.externaltools.arm-none.macos64_1.13.1.201703061524/tools/compiler/bin/../lib/gcc/arm-none-eabi/5.4.1/../../../../arm-none-eabi/lib/armv7e-m/fpu/libc_nano.a(lib_a-nano-vfprintf_i.o)
                0x000000000800f790                _printf_i
 .text.__ascii_wctomb
                0x000000000800f9dc       0x1a /Users/Nico/.p2/pool/plugins/fr.ac6.mcu.externaltools.arm-none.macos64_1.13.1.201703061524/tools/compiler/bin/../lib/gcc/arm-none-eabi/5.4.1/../../../../arm-none-eabi/lib/armv7e-m/fpu/libc_nano.a(lib_a-wctomb_r.o)
                0x000000000800f9dc                __ascii_wctomb
 .text._realloc_r
                0x000000000800f9f6       0x4c /Users/Nico/.p2/pool/plugins/fr.ac6.mcu.externaltools.arm-none.macos64_1.13.1.201703061524/tools/compiler/bin/../lib/gcc/arm-none-eabi/5.4.1/../../../../arm-none-eabi/lib/armv7e-m/fpu/libc_nano.a(lib_a-nano-reallocr.o)
                0x000000000800f9f6                _realloc_r
 .text._malloc_usable_size_r
                0x000000000800fa42       0x14 /Users/Nico/.p2/pool/plugins/fr.ac6.mcu.externaltools.arm-none.macos64_1.13.1.201703061524/tools/compiler/bin/../lib/gcc/arm-none-eabi/5.4.1/../../../../arm-none-eabi/lib/armv7e-m/fpu/libc_nano.a(lib_a-nano-msizer.o)
                0x000000000800fa42                _malloc_usable_size_r
 *fill*         0x000000000800fa56        0x2 
 .text._sbrk    0x000000000800fa58       0x1c /Users/Nico/.p2/pool/plugins/fr.ac6.mcu.externaltools.arm-none.macos64_1.13.1.201703061524/tools/compiler/bin/../lib/gcc/arm-none-eabi/5.4.1/../../../../arm-none-eabi/lib/armv7e-m/fpu/libnosys.a(sbrk.o)
                0x000000000800fa58                _sbrk
 *(.glue_7)
 .glue_7        0x000000000800fa74        0x0 linker stubs
 *(.glue_7t)
 .glue_7t       0x000000000800fa74        0x0 linker stubs
 *(.eh_frame)
 .eh_frame      0x000000000800fa74        0x0 /Users/Nico/.p2/pool/plugins/fr.ac6.mcu.externaltools.arm-none.macos64_1.13.1.201703061524/tools/compiler/bin/../lib/gcc/arm-none-eabi/5.4.1/armv7e-m/fpu/crtbegin.o
 *(.init)
 .init          0x000000000800fa74        0x4 /Users/Nico/.p2/pool/plugins/fr.ac6.mcu.externaltools.arm-none.macos64_1.13.1.201703061524/tools/compiler/bin/../lib/gcc/arm-none-eabi/5.4.1/armv7e-m/fpu/crti.o
                0x000000000800fa74                _init
 .init          0x000000000800fa78        0x8 /Users/Nico/.p2/pool/plugins/fr.ac6.mcu.externaltools.arm-none.macos64_1.13.1.201703061524/tools/compiler/bin/../lib/gcc/arm-none-eabi/5.4.1/armv7e-m/fpu/crtn.o
 *(.fini)
 .fini          0x000000000800fa80        0x4 /Users/Nico/.p2/pool/plugins/fr.ac6.mcu.externaltools.arm-none.macos64_1.13.1.201703061524/tools/compiler/bin/../lib/gcc/arm-none-eabi/5.4.1/armv7e-m/fpu/crti.o
                0x000000000800fa80                _fini
 .fini          0x000000000800fa84        0x8 /Users/Nico/.p2/pool/plugins/fr.ac6.mcu.externaltools.arm-none.macos64_1.13.1.201703061524/tools/compiler/bin/../lib/gcc/arm-none-eabi/5.4.1/armv7e-m/fpu/crtn.o
                0x000000000800fa8c                . = ALIGN (0x4)
                0x000000000800fa8c                _etext = .

.vfp11_veneer   0x000000000800fa8c        0x0
 .vfp11_veneer  0x000000000800fa8c        0x0 linker stubs

.v4_bx          0x000000000800fa8c        0x0
 .v4_bx         0x000000000800fa8c        0x0 linker stubs

.iplt           0x000000000800fa8c        0x0
 .iplt          0x000000000800fa8c        0x0 /Users/Nico/.p2/pool/plugins/fr.ac6.mcu.externaltools.arm-none.macos64_1.13.1.201703061524/tools/compiler/bin/../lib/gcc/arm-none-eabi/5.4.1/armv7e-m/fpu/crtbegin.o

.rodata         0x000000000800fa8c     0x2b78
                0x000000000800fa8c                . = ALIGN (0x4)
 *(.rodata)
 .rodata        0x000000000800fa8c     0x2828 Application/src/Common/aes256.o
                0x000000000800fa8c                B5_rcon
                0x000000000800fab4                B5Te0_S
                0x000000000800feb4                B5Te1_S
                0x00000000080102b4                B5Te2_S
                0x00000000080106b4                B5Te3_S
                0x0000000008010ab4                B5Te4_S
                0x0000000008010eb4                B5Td0_S
                0x00000000080112b4                B5Td1_S
                0x00000000080116b4                B5Td2_S
                0x0000000008011ab4                B5Td3_S
                0x0000000008011eb4                B5Td4_S
 .rodata        0x00000000080122b4       0x2a Application/src/Common/se3_common.o
                0x00000000080122b4                se3_magic
                0x00000000080122d4                debug_string
 *fill*         0x00000000080122de        0x2 
 .rodata        0x00000000080122e0       0x20 Application/src/Device/se3_algo_aes256hmacsha256.o
                0x00000000080122e0                salt
 .rodata        0x0000000008012300       0x58 Application/src/Device/se3_communication_core.o
                0x0000000008012338                se3_hello
 .rodata        0x0000000008012358       0xc0 Application/src/Device/se3_dispatcher_core.o
 .rodata        0x0000000008012418       0x24 Application/src/usbd_storage_if.o
                0x0000000008012418                STORAGE_Inquirydata_HS
 .rodata        0x000000000801243c        0x8 Drivers/STM32F4xx_HAL_Driver/stm32f4xx_hal_dma.o
 .rodata        0x0000000008012444       0x10 Drivers/STM32F4xx_HAL_Driver/stm32f4xx_hal_rcc.o
                0x0000000008012444                APBAHBPrescTable
 .rodata        0x0000000008012454       0x17 Middlewares/USB_Device_Library/usbd_msc_data.o
                0x0000000008012454                MSC_Mode_Sense10_data
                0x000000000801245c                MSC_Mode_Sense6_data
                0x0000000008012464                MSC_Page00_Inquiry_Data
 *(.rodata*)
 *fill*         0x000000000801246b        0x1 
 .rodata.str1.4
                0x000000000801246c       0x24 Application/src/Device/se3_dispatcher_core.o
 .rodata.str1.4
                0x0000000008012490       0x34 Application/src/usbd_desc.o
                                         0x32 (size before relaxing)
 .rodata.str1.1
                0x00000000080124c4        0xa /Users/Nico/.p2/pool/plugins/fr.ac6.mcu.externaltools.arm-none.macos64_1.13.1.201703061524/tools/compiler/bin/../lib/gcc/arm-none-eabi/5.4.1/../../../../arm-none-eabi/lib/armv7e-m/fpu/libc_nano.a(lib_a-locale.o)
                                          0xb (size before relaxing)
 .rodata.str1.1
                0x00000000080124ce       0x11 /Users/Nico/.p2/pool/plugins/fr.ac6.mcu.externaltools.arm-none.macos64_1.13.1.201703061524/tools/compiler/bin/../lib/gcc/arm-none-eabi/5.4.1/../../../../arm-none-eabi/lib/armv7e-m/fpu/libc_nano.a(lib_a-nano-svfprintf.o)
 .rodata.str1.1
                0x00000000080124df       0x22 /Users/Nico/.p2/pool/plugins/fr.ac6.mcu.externaltools.arm-none.macos64_1.13.1.201703061524/tools/compiler/bin/../lib/gcc/arm-none-eabi/5.4.1/../../../../arm-none-eabi/lib/armv7e-m/fpu/libc_nano.a(lib_a-nano-vfprintf_i.o)
 .rodata._ctype_
                0x0000000008012501      0x101 /Users/Nico/.p2/pool/plugins/fr.ac6.mcu.externaltools.arm-none.macos64_1.13.1.201703061524/tools/compiler/bin/../lib/gcc/arm-none-eabi/5.4.1/../../../../arm-none-eabi/lib/armv7e-m/fpu/libc_nano.a(lib_a-ctype_.o)
                0x0000000008012501                _ctype_
                0x0000000008012604                . = ALIGN (0x4)
 *fill*         0x0000000008012602        0x2 

.rel.dyn        0x0000000008012604        0x0
 .rel.iplt      0x0000000008012604        0x0 /Users/Nico/.p2/pool/plugins/fr.ac6.mcu.externaltools.arm-none.macos64_1.13.1.201703061524/tools/compiler/bin/../lib/gcc/arm-none-eabi/5.4.1/armv7e-m/fpu/crtbegin.o

.ARM.extab
 *(.ARM.extab* .gnu.linkonce.armextab.*)

.ARM            0x0000000008012604        0x0
                0x0000000008012604                __exidx_start = .
 *(.ARM.exidx*)
                0x0000000008012604                __exidx_end = .

.preinit_array  0x0000000008012604        0x0
                0x0000000008012604                PROVIDE (__preinit_array_start, .)
 *(.preinit_array*)
                0x0000000008012604                PROVIDE (__preinit_array_end, .)

.init_array     0x0000000008012604        0x4
                0x0000000008012604                PROVIDE (__init_array_start, .)
 *(SORT(.init_array.*))
 *(.init_array*)
 .init_array    0x0000000008012604        0x4 /Users/Nico/.p2/pool/plugins/fr.ac6.mcu.externaltools.arm-none.macos64_1.13.1.201703061524/tools/compiler/bin/../lib/gcc/arm-none-eabi/5.4.1/armv7e-m/fpu/crtbegin.o
                0x0000000008012608                PROVIDE (__init_array_end, .)

.fini_array     0x0000000008012608        0x4
                [!provide]                        PROVIDE (__fini_array_start, .)
 *(SORT(.fini_array.*))
 *(.fini_array*)
 .fini_array    0x0000000008012608        0x4 /Users/Nico/.p2/pool/plugins/fr.ac6.mcu.externaltools.arm-none.macos64_1.13.1.201703061524/tools/compiler/bin/../lib/gcc/arm-none-eabi/5.4.1/armv7e-m/fpu/crtbegin.o
                [!provide]                        PROVIDE (__fini_array_end, .)
                0x000000000801260c                _sidata = LOADADDR (.data)

.data           0x0000000020000000      0x3d0 load address 0x000000000801260c
                0x0000000020000000                . = ALIGN (0x4)
                0x0000000020000000                _sdata = .
 *(.data)
 .data          0x0000000020000000        0x4 Application/src/Device/se3_core_time.o
                0x0000000020000000                flag
 .data          0x0000000020000004      0x100 Application/src/Device/se3_security_core.o
                0x0000000020000004                algo_table
 .data          0x0000000020000104       0x34 Application/src/usbd_desc.o
                0x0000000020000104                USBD_HS_DeviceDesc
                0x0000000020000118                USBD_LangIDDesc
                0x000000002000011c                HS_Desc
 .data          0x0000000020000138       0x20 Application/src/usbd_storage_if.o
                0x0000000020000138                USBD_Storage_Interface_fops_HS
 .data          0x0000000020000158        0x4 Drivers/CMSIS/system_stm32f4xx.o
                0x0000000020000158                SystemCoreClock
 .data          0x000000002000015c       0xa4 Middlewares/USB_Device_Library/usbd_msc.o
                0x000000002000015c                USBD_MSC_CfgHSDesc
                0x000000002000017c                USBD_MSC_CfgFSDesc
                0x000000002000019c                USBD_MSC_OtherSpeedCfgDesc
                0x00000000200001bc                USBD_MSC_DeviceQualifierDesc
                0x00000000200001c8                USBD_MSC
 *(.data*)
 .data.impure_data
                0x0000000020000200       0x60 /Users/Nico/.p2/pool/plugins/fr.ac6.mcu.externaltools.arm-none.macos64_1.13.1.201703061524/tools/compiler/bin/../lib/gcc/arm-none-eabi/5.4.1/../../../../arm-none-eabi/lib/armv7e-m/fpu/libc_nano.a(lib_a-impure.o)
 .data._impure_ptr
                0x0000000020000260        0x4 /Users/Nico/.p2/pool/plugins/fr.ac6.mcu.externaltools.arm-none.macos64_1.13.1.201703061524/tools/compiler/bin/../lib/gcc/arm-none-eabi/5.4.1/../../../../arm-none-eabi/lib/armv7e-m/fpu/libc_nano.a(lib_a-impure.o)
                0x0000000020000260                _impure_ptr
 .data.__global_locale
                0x0000000020000264      0x16c /Users/Nico/.p2/pool/plugins/fr.ac6.mcu.externaltools.arm-none.macos64_1.13.1.201703061524/tools/compiler/bin/../lib/gcc/arm-none-eabi/5.4.1/../../../../arm-none-eabi/lib/armv7e-m/fpu/libc_nano.a(lib_a-locale.o)
                0x0000000020000264                __global_locale
                0x00000000200003d0                . = ALIGN (0x4)
                0x00000000200003d0                _edata = .
                0x00000000080129dc                _siccmram = LOADADDR (.ccmram)

.jcr            0x00000000200003d0        0x0 load address 0x00000000080129dc
 .jcr           0x00000000200003d0        0x0 /Users/Nico/.p2/pool/plugins/fr.ac6.mcu.externaltools.arm-none.macos64_1.13.1.201703061524/tools/compiler/bin/../lib/gcc/arm-none-eabi/5.4.1/armv7e-m/fpu/crtbegin.o

.igot.plt       0x00000000200003d0        0x0 load address 0x00000000080129dc
 .igot.plt      0x00000000200003d0        0x0 /Users/Nico/.p2/pool/plugins/fr.ac6.mcu.externaltools.arm-none.macos64_1.13.1.201703061524/tools/compiler/bin/../lib/gcc/arm-none-eabi/5.4.1/armv7e-m/fpu/crtbegin.o

.ccmram         0x0000000010000000        0x0 load address 0x00000000080129dc
                0x0000000010000000                . = ALIGN (0x4)
                0x0000000010000000                _sccmram = .
 *(.ccmram)
 *(.ccmram*)
                0x0000000010000000                . = ALIGN (0x4)
                0x0000000010000000                _eccmram = .
                0x0000000010000000                . = ALIGN (0x4)

.bss            0x00000000200003d0     0xd688
                0x00000000200003d0                _sbss = .
                0x00000000200003d0                __bss_start__ = _sbss
 *(.bss)
 .bss           0x00000000200003d0       0x1c /Users/Nico/.p2/pool/plugins/fr.ac6.mcu.externaltools.arm-none.macos64_1.13.1.201703061524/tools/compiler/bin/../lib/gcc/arm-none-eabi/5.4.1/armv7e-m/fpu/crtbegin.o
 .bss           0x00000000200003ec        0x4 Application/src/Device/se3_core_time.o
 .bss           0x00000000200003f0        0x1 Middlewares/USB_Device_Library/usbd_ctlreq.o
 *(.bss*)
 *fill*         0x00000000200003f1        0x3 
 .bss.__malloc_sbrk_start
                0x00000000200003f4        0x4 /Users/Nico/.p2/pool/plugins/fr.ac6.mcu.externaltools.arm-none.macos64_1.13.1.201703061524/tools/compiler/bin/../lib/gcc/arm-none-eabi/5.4.1/../../../../arm-none-eabi/lib/armv7e-m/fpu/libc_nano.a(lib_a-nano-mallocr.o)
                0x00000000200003f4                __malloc_sbrk_start
 .bss.__malloc_free_list
                0x00000000200003f8        0x4 /Users/Nico/.p2/pool/plugins/fr.ac6.mcu.externaltools.arm-none.macos64_1.13.1.201703061524/tools/compiler/bin/../lib/gcc/arm-none-eabi/5.4.1/../../../../arm-none-eabi/lib/armv7e-m/fpu/libc_nano.a(lib_a-nano-mallocr.o)
                0x00000000200003f8                __malloc_free_list
 .bss.heap_end.4169
                0x00000000200003fc        0x4 /Users/Nico/.p2/pool/plugins/fr.ac6.mcu.externaltools.arm-none.macos64_1.13.1.201703061524/tools/compiler/bin/../lib/gcc/arm-none-eabi/5.4.1/../../../../arm-none-eabi/lib/armv7e-m/fpu/libnosys.a(sbrk.o)
 *(COMMON)
 COMMON         0x0000000020000400      0x239 Application/src/Common/se3_common.o
                0x0000000020000400                hwerror
                0x0000000020000404                se3_debug
                0x0000000020000618                serial
 *fill*         0x0000000020000639        0x3 
 COMMON         0x000000002000063c       0xe8 Application/src/Device/se3_algo_Aes.o
                0x000000002000063c                se3_crypto_algorithm
                0x0000000020000640                se3_security_info
 COMMON         0x0000000020000724     0x40f4 Application/src/Device/se3_communication_core.o
                0x0000000020000724                resp_hdr
                0x0000000020000768                se3_comm_request_buffer
                0x0000000020002768                se3_comm_response_buffer
                0x0000000020004768                req_hdr
                0x00000000200047ac                comm
 COMMON         0x0000000020004818     0x865d Application/src/Device/se3_core.o
                0x0000000020004818                se3_sessions_index
                0x00000000200049a8                login_struct
                0x0000000020004e74                se3_sessions_buf
                0x000000002000ce74                se3_algo_impl_t
 *fill*         0x000000002000ce75        0x3 
 COMMON         0x000000002000ce78        0x9 Application/src/Device/se3_core_time.o
                0x000000002000ce78                now
                0x000000002000ce80                now_initialized
 COMMON         0x000000002000ce81        0x2 Application/src/Device/se3_dispatcher_core.o
                0x000000002000ce81                crypto_algo
                0x000000002000ce82                algo_implementation
 *fill*         0x000000002000ce83        0x1 
 COMMON         0x000000002000ce84       0x1c Application/src/Device/se3_flash.o
                0x000000002000ce84                flash
 COMMON         0x000000002000cea0      0x168 Application/src/Device/se3_security_core.o
                0x000000002000cea0                ctx
 COMMON         0x000000002000d008        0x8 Application/src/crc.o
                0x000000002000d008                hcrc
 COMMON         0x000000002000d010        0xc Application/src/rng.o
                0x000000002000d010                hrng
 *fill*         0x000000002000d01c        0x4 
 COMMON         0x000000002000d020      0x168 Application/src/sdio.o
                0x000000002000d020                hdma_sdio_rx
                0x000000002000d078                SDCardInfo
                0x000000002000d0d0                hdma_sdio_tx
                0x000000002000d128                hsd
 COMMON         0x000000002000d188       0x3c Application/src/tim.o
                0x000000002000d188                htim4
 COMMON         0x000000002000d1c4       0x90 Application/src/usart.o
                0x000000002000d1c4                huart1
                0x000000002000d204                hsc6
 COMMON         0x000000002000d254      0x224 Application/src/usb_device.o
                0x000000002000d254                hUsbDeviceHS
 COMMON         0x000000002000d478      0x3b8 Application/src/usbd_conf.o
                0x000000002000d478                hpcd_USB_OTG_HS